Copyright 1986-2018 Xilinx, Inc. All Rights Reserved.
--------------------------------------------------------------------------------------------------------------------------------------------------------------------------------
| Tool Version : Vivado v.2018.3 (win64) Build 2405991 Thu Dec  6 23:38:27 MST 2018
| Date         : Mon Dec 15 10:27:17 2025
| Host         : DESKTOP-9COANIV running 64-bit major release  (build 9200)
| Command      : report_timing_summary -max_paths 10 -file top_timing_summary_routed.rpt -pb top_timing_summary_routed.pb -rpx top_timing_summary_routed.rpx -warn_on_violation
| Design       : top
| Device       : 7a100t-csg324
| Speed File   : -1  PRODUCTION 1.23 2018-06-13
--------------------------------------------------------------------------------------------------------------------------------------------------------------------------------

Timing Summary Report

------------------------------------------------------------------------------------------------
| Timer Settings
| --------------
------------------------------------------------------------------------------------------------

  Enable Multi Corner Analysis               :  Yes
  Enable Pessimism Removal                   :  Yes
  Pessimism Removal Resolution               :  Nearest Common Node
  Enable Input Delay Default Clock           :  No
  Enable Preset / Clear Arcs                 :  No
  Disable Flight Delays                      :  No
  Ignore I/O Paths                           :  No
  Timing Early Launch at Borrowing Latches   :  false

  Corner  Analyze    Analyze    
  Name    Max Paths  Min Paths  
  ------  ---------  ---------  
  Slow    Yes        Yes        
  Fast    Yes        Yes        



check_timing report

Table of Contents
-----------------
1. checking no_clock
2. checking constant_clock
3. checking pulse_width_clock
4. checking unconstrained_internal_endpoints
5. checking no_input_delay
6. checking no_output_delay
7. checking multiple_clock
8. checking generated_clocks
9. checking loops
10. checking partial_input_delay
11. checking partial_output_delay
12. checking latch_loops

1. checking no_clock
--------------------
 There are 73 register/latch pins with no clock driven by root clock pin: clk_10hz_reg/Q (HIGH)


2. checking constant_clock
--------------------------
 There are 0 register/latch pins with constant_clock.


3. checking pulse_width_clock
-----------------------------
 There are 0 register/latch pins which need pulse_width check


4. checking unconstrained_internal_endpoints
--------------------------------------------
 There are 198 pins that are not constrained for maximum delay. (HIGH)

 There are 0 pins that are not constrained for maximum delay due to constant clock.


5. checking no_input_delay
--------------------------
 There are 5 input ports with no input delay specified. (HIGH)

 There are 0 input ports with no input delay but user has a false path constraint.


6. checking no_output_delay
---------------------------
 There are 18 ports with no output delay specified. (HIGH)

 There are 0 ports with no output delay but user has a false path constraint

 There are 0 ports with no output delay but with a timing clock defined on it or propagating through it


7. checking multiple_clock
--------------------------
 There are 0 register/latch pins with multiple clocks.


8. checking generated_clocks
----------------------------
 There are 0 generated clocks that are not connected to a clock source.


9. checking loops
-----------------
 There are 0 combinational loops in the design.


10. checking partial_input_delay
--------------------------------
 There are 0 input ports with partial input delay specified.


11. checking partial_output_delay
---------------------------------
 There are 0 ports with partial output delay specified.


12. checking latch_loops
------------------------
 There are 0 combinational latch loops in the design through latch input



------------------------------------------------------------------------------------------------
| Design Timing Summary
| ---------------------
------------------------------------------------------------------------------------------------

    WNS(ns)      TNS(ns)  TNS Failing Endpoints  TNS Total Endpoints      WHS(ns)      THS(ns)  THS Failing Endpoints  THS Total Endpoints     WPWS(ns)     TPWS(ns)  TPWS Failing Endpoints  TPWS Total Endpoints  
    -------      -------  ---------------------  -------------------      -------      -------  ---------------------  -------------------     --------     --------  ----------------------  --------------------  
      1.985        0.000                      0                 2466        0.119        0.000                      0                 2466        4.500        0.000                       0                  1322  


All user specified timing constraints are met.


------------------------------------------------------------------------------------------------
| Clock Summary
| -------------
------------------------------------------------------------------------------------------------

Clock        Waveform(ns)       Period(ns)      Frequency(MHz)
-----        ------------       ----------      --------------
sys_clk_pin  {0.000 5.000}      10.000          100.000         


------------------------------------------------------------------------------------------------
| Intra Clock Table
| -----------------
------------------------------------------------------------------------------------------------

Clock             WNS(ns)      TNS(ns)  TNS Failing Endpoints  TNS Total Endpoints      WHS(ns)      THS(ns)  THS Failing Endpoints  THS Total Endpoints     WPWS(ns)     TPWS(ns)  TPWS Failing Endpoints  TPWS Total Endpoints  
-----             -------      -------  ---------------------  -------------------      -------      -------  ---------------------  -------------------     --------     --------  ----------------------  --------------------  
sys_clk_pin         1.985        0.000                      0                 2466        0.119        0.000                      0                 2466        4.500        0.000                       0                  1322  


------------------------------------------------------------------------------------------------
| Inter Clock Table
| -----------------
------------------------------------------------------------------------------------------------

From Clock    To Clock          WNS(ns)      TNS(ns)  TNS Failing Endpoints  TNS Total Endpoints      WHS(ns)      THS(ns)  THS Failing Endpoints  THS Total Endpoints  
----------    --------          -------      -------  ---------------------  -------------------      -------      -------  ---------------------  -------------------  


------------------------------------------------------------------------------------------------
| Other Path Groups Table
| -----------------------
------------------------------------------------------------------------------------------------

Path Group    From Clock    To Clock          WNS(ns)      TNS(ns)  TNS Failing Endpoints  TNS Total Endpoints      WHS(ns)      THS(ns)  THS Failing Endpoints  THS Total Endpoints  
----------    ----------    --------          -------      -------  ---------------------  -------------------      -------      -------  ---------------------  -------------------  


------------------------------------------------------------------------------------------------
| Timing Details
| --------------
------------------------------------------------------------------------------------------------


---------------------------------------------------------------------------------------------------
From Clock:  sys_clk_pin
  To Clock:  sys_clk_pin

Setup :            0  Failing Endpoints,  Worst Slack        1.985ns,  Total Violation        0.000ns
Hold  :            0  Failing Endpoints,  Worst Slack        0.119ns,  Total Violation        0.000ns
PW    :            0  Failing Endpoints,  Worst Slack        4.500ns,  Total Violation        0.000ns
---------------------------------------------------------------------------------------------------


Max Delay Paths
--------------------------------------------------------------------------------------
Slack (MET) :             1.985ns  (required time - arrival time)
  Source:                 inst5/po_data_reg[4]/C
                            (rising edge-triggered cell FDCE clocked by sys_clk_pin  {rise@0.000ns fall@5.000ns period=10.000ns})
  Destination:            inst3/mem_reg[79][4]/D
                            (rising edge-triggered cell FDRE clocked by sys_clk_pin  {rise@0.000ns fall@5.000ns period=10.000ns})
  Path Group:             sys_clk_pin
  Path Type:              Setup (Max at Slow Process Corner)
  Requirement:            10.000ns  (sys_clk_pin rise@10.000ns - sys_clk_pin rise@0.000ns)
  Data Path Delay:        7.884ns  (logic 0.456ns (5.784%)  route 7.428ns (94.216%))
  Logic Levels:           0  
  Clock Path Skew:        -0.035ns (DCD - SCD + CPR)
    Destination Clock Delay (DCD):    4.915ns = ( 14.915 - 10.000 ) 
    Source Clock Delay      (SCD):    5.209ns
    Clock Pessimism Removal (CPR):    0.259ns
  Clock Uncertainty:      0.035ns  ((TSJ^2 + TIJ^2)^1/2 + DJ) / 2 + PE
    Total System Jitter     (TSJ):    0.071ns
    Total Input Jitter      (TIJ):    0.000ns
    Discrete Jitter          (DJ):    0.000ns
    Phase Error              (PE):    0.000ns

    Location             Delay type                Incr(ns)  Path(ns)    Netlist Resource(s)
  -------------------------------------------------------------------    -------------------
                         (clock sys_clk_pin rise edge)
                                                      0.000     0.000 r  
    E3                                                0.000     0.000 r  clk (IN)
                         net (fo=0)                   0.000     0.000    clk
    E3                   IBUF (Prop_ibuf_I_O)         1.482     1.482 r  clk_IBUF_inst/O
                         net (fo=1, routed)           2.025     3.506    clk_IBUF
    BUFGCTRL_X0Y16       BUFG (Prop_bufg_I_O)         0.096     3.602 r  clk_IBUF_BUFG_inst/O
                         net (fo=1321, routed)        1.607     5.209    inst5/CLK
    SLICE_X47Y118        FDCE                                         r  inst5/po_data_reg[4]/C
  -------------------------------------------------------------------    -------------------
    SLICE_X47Y118        FDCE (Prop_fdce_C_Q)         0.456     5.665 r  inst5/po_data_reg[4]/Q
                         net (fo=128, routed)         7.428    13.093    inst3/mem_reg[127][7]_0[4]
    SLICE_X33Y130        FDRE                                         r  inst3/mem_reg[79][4]/D
  -------------------------------------------------------------------    -------------------

                         (clock sys_clk_pin rise edge)
                                                     10.000    10.000 r  
    E3                                                0.000    10.000 r  clk (IN)
                         net (fo=0)                   0.000    10.000    clk
    E3                   IBUF (Prop_ibuf_I_O)         1.411    11.411 r  clk_IBUF_inst/O
                         net (fo=1, routed)           1.920    13.331    clk_IBUF
    BUFGCTRL_X0Y16       BUFG (Prop_bufg_I_O)         0.091    13.422 r  clk_IBUF_BUFG_inst/O
                         net (fo=1321, routed)        1.493    14.915    inst3/CLK
    SLICE_X33Y130        FDRE                                         r  inst3/mem_reg[79][4]/C
                         clock pessimism              0.259    15.174    
                         clock uncertainty           -0.035    15.139    
    SLICE_X33Y130        FDRE (Setup_fdre_C_D)       -0.061    15.078    inst3/mem_reg[79][4]
  -------------------------------------------------------------------
                         required time                         15.078    
                         arrival time                         -13.093    
  -------------------------------------------------------------------
                         slack                                  1.985    

Slack (MET) :             2.069ns  (required time - arrival time)
  Source:                 inst5/po_data_reg[4]/C
                            (rising edge-triggered cell FDCE clocked by sys_clk_pin  {rise@0.000ns fall@5.000ns period=10.000ns})
  Destination:            inst3/mem_reg[77][4]/D
                            (rising edge-triggered cell FDRE clocked by sys_clk_pin  {rise@0.000ns fall@5.000ns period=10.000ns})
  Path Group:             sys_clk_pin
  Path Type:              Setup (Max at Slow Process Corner)
  Requirement:            10.000ns  (sys_clk_pin rise@10.000ns - sys_clk_pin rise@0.000ns)
  Data Path Delay:        7.804ns  (logic 0.456ns (5.843%)  route 7.348ns (94.157%))
  Logic Levels:           0  
  Clock Path Skew:        -0.033ns (DCD - SCD + CPR)
    Destination Clock Delay (DCD):    4.917ns = ( 14.917 - 10.000 ) 
    Source Clock Delay      (SCD):    5.209ns
    Clock Pessimism Removal (CPR):    0.259ns
  Clock Uncertainty:      0.035ns  ((TSJ^2 + TIJ^2)^1/2 + DJ) / 2 + PE
    Total System Jitter     (TSJ):    0.071ns
    Total Input Jitter      (TIJ):    0.000ns
    Discrete Jitter          (DJ):    0.000ns
    Phase Error              (PE):    0.000ns

    Location             Delay type                Incr(ns)  Path(ns)    Netlist Resource(s)
  -------------------------------------------------------------------    -------------------
                         (clock sys_clk_pin rise edge)
                                                      0.000     0.000 r  
    E3                                                0.000     0.000 r  clk (IN)
                         net (fo=0)                   0.000     0.000    clk
    E3                   IBUF (Prop_ibuf_I_O)         1.482     1.482 r  clk_IBUF_inst/O
                         net (fo=1, routed)           2.025     3.506    clk_IBUF
    BUFGCTRL_X0Y16       BUFG (Prop_bufg_I_O)         0.096     3.602 r  clk_IBUF_BUFG_inst/O
                         net (fo=1321, routed)        1.607     5.209    inst5/CLK
    SLICE_X47Y118        FDCE                                         r  inst5/po_data_reg[4]/C
  -------------------------------------------------------------------    -------------------
    SLICE_X47Y118        FDCE (Prop_fdce_C_Q)         0.456     5.665 r  inst5/po_data_reg[4]/Q
                         net (fo=128, routed)         7.348    13.014    inst3/mem_reg[127][7]_0[4]
    SLICE_X35Y132        FDRE                                         r  inst3/mem_reg[77][4]/D
  -------------------------------------------------------------------    -------------------

                         (clock sys_clk_pin rise edge)
                                                     10.000    10.000 r  
    E3                                                0.000    10.000 r  clk (IN)
                         net (fo=0)                   0.000    10.000    clk
    E3                   IBUF (Prop_ibuf_I_O)         1.411    11.411 r  clk_IBUF_inst/O
                         net (fo=1, routed)           1.920    13.331    clk_IBUF
    BUFGCTRL_X0Y16       BUFG (Prop_bufg_I_O)         0.091    13.422 r  clk_IBUF_BUFG_inst/O
                         net (fo=1321, routed)        1.495    14.917    inst3/CLK
    SLICE_X35Y132        FDRE                                         r  inst3/mem_reg[77][4]/C
                         clock pessimism              0.259    15.176    
                         clock uncertainty           -0.035    15.141    
    SLICE_X35Y132        FDRE (Setup_fdre_C_D)       -0.058    15.083    inst3/mem_reg[77][4]
  -------------------------------------------------------------------
                         required time                         15.083    
                         arrival time                         -13.014    
  -------------------------------------------------------------------
                         slack                                  2.069    

Slack (MET) :             2.135ns  (required time - arrival time)
  Source:                 inst5/po_data_reg[4]/C
                            (rising edge-triggered cell FDCE clocked by sys_clk_pin  {rise@0.000ns fall@5.000ns period=10.000ns})
  Destination:            inst3/mem_reg[64][4]/D
                            (rising edge-triggered cell FDRE clocked by sys_clk_pin  {rise@0.000ns fall@5.000ns period=10.000ns})
  Path Group:             sys_clk_pin
  Path Type:              Setup (Max at Slow Process Corner)
  Requirement:            10.000ns  (sys_clk_pin rise@10.000ns - sys_clk_pin rise@0.000ns)
  Data Path Delay:        7.749ns  (logic 0.456ns (5.885%)  route 7.293ns (94.115%))
  Logic Levels:           0  
  Clock Path Skew:        -0.034ns (DCD - SCD + CPR)
    Destination Clock Delay (DCD):    4.916ns = ( 14.916 - 10.000 ) 
    Source Clock Delay      (SCD):    5.209ns
    Clock Pessimism Removal (CPR):    0.259ns
  Clock Uncertainty:      0.035ns  ((TSJ^2 + TIJ^2)^1/2 + DJ) / 2 + PE
    Total System Jitter     (TSJ):    0.071ns
    Total Input Jitter      (TIJ):    0.000ns
    Discrete Jitter          (DJ):    0.000ns
    Phase Error              (PE):    0.000ns

    Location             Delay type                Incr(ns)  Path(ns)    Netlist Resource(s)
  -------------------------------------------------------------------    -------------------
                         (clock sys_clk_pin rise edge)
                                                      0.000     0.000 r  
    E3                                                0.000     0.000 r  clk (IN)
                         net (fo=0)                   0.000     0.000    clk
    E3                   IBUF (Prop_ibuf_I_O)         1.482     1.482 r  clk_IBUF_inst/O
                         net (fo=1, routed)           2.025     3.506    clk_IBUF
    BUFGCTRL_X0Y16       BUFG (Prop_bufg_I_O)         0.096     3.602 r  clk_IBUF_BUFG_inst/O
                         net (fo=1321, routed)        1.607     5.209    inst5/CLK
    SLICE_X47Y118        FDCE                                         r  inst5/po_data_reg[4]/C
  -------------------------------------------------------------------    -------------------
    SLICE_X47Y118        FDCE (Prop_fdce_C_Q)         0.456     5.665 r  inst5/po_data_reg[4]/Q
                         net (fo=128, routed)         7.293    12.958    inst3/mem_reg[127][7]_0[4]
    SLICE_X32Y131        FDRE                                         r  inst3/mem_reg[64][4]/D
  -------------------------------------------------------------------    -------------------

                         (clock sys_clk_pin rise edge)
                                                     10.000    10.000 r  
    E3                                                0.000    10.000 r  clk (IN)
                         net (fo=0)                   0.000    10.000    clk
    E3                   IBUF (Prop_ibuf_I_O)         1.411    11.411 r  clk_IBUF_inst/O
                         net (fo=1, routed)           1.920    13.331    clk_IBUF
    BUFGCTRL_X0Y16       BUFG (Prop_bufg_I_O)         0.091    13.422 r  clk_IBUF_BUFG_inst/O
                         net (fo=1321, routed)        1.494    14.916    inst3/CLK
    SLICE_X32Y131        FDRE                                         r  inst3/mem_reg[64][4]/C
                         clock pessimism              0.259    15.175    
                         clock uncertainty           -0.035    15.140    
    SLICE_X32Y131        FDRE (Setup_fdre_C_D)       -0.047    15.093    inst3/mem_reg[64][4]
  -------------------------------------------------------------------
                         required time                         15.093    
                         arrival time                         -12.958    
  -------------------------------------------------------------------
                         slack                                  2.135    

Slack (MET) :             2.138ns  (required time - arrival time)
  Source:                 inst5/po_data_reg[4]/C
                            (rising edge-triggered cell FDCE clocked by sys_clk_pin  {rise@0.000ns fall@5.000ns period=10.000ns})
  Destination:            inst3/mem_reg[74][4]/D
                            (rising edge-triggered cell FDRE clocked by sys_clk_pin  {rise@0.000ns fall@5.000ns period=10.000ns})
  Path Group:             sys_clk_pin
  Path Type:              Setup (Max at Slow Process Corner)
  Requirement:            10.000ns  (sys_clk_pin rise@10.000ns - sys_clk_pin rise@0.000ns)
  Data Path Delay:        7.734ns  (logic 0.456ns (5.896%)  route 7.278ns (94.104%))
  Logic Levels:           0  
  Clock Path Skew:        -0.035ns (DCD - SCD + CPR)
    Destination Clock Delay (DCD):    4.915ns = ( 14.915 - 10.000 ) 
    Source Clock Delay      (SCD):    5.209ns
    Clock Pessimism Removal (CPR):    0.259ns
  Clock Uncertainty:      0.035ns  ((TSJ^2 + TIJ^2)^1/2 + DJ) / 2 + PE
    Total System Jitter     (TSJ):    0.071ns
    Total Input Jitter      (TIJ):    0.000ns
    Discrete Jitter          (DJ):    0.000ns
    Phase Error              (PE):    0.000ns

    Location             Delay type                Incr(ns)  Path(ns)    Netlist Resource(s)
  -------------------------------------------------------------------    -------------------
                         (clock sys_clk_pin rise edge)
                                                      0.000     0.000 r  
    E3                                                0.000     0.000 r  clk (IN)
                         net (fo=0)                   0.000     0.000    clk
    E3                   IBUF (Prop_ibuf_I_O)         1.482     1.482 r  clk_IBUF_inst/O
                         net (fo=1, routed)           2.025     3.506    clk_IBUF
    BUFGCTRL_X0Y16       BUFG (Prop_bufg_I_O)         0.096     3.602 r  clk_IBUF_BUFG_inst/O
                         net (fo=1321, routed)        1.607     5.209    inst5/CLK
    SLICE_X47Y118        FDCE                                         r  inst5/po_data_reg[4]/C
  -------------------------------------------------------------------    -------------------
    SLICE_X47Y118        FDCE (Prop_fdce_C_Q)         0.456     5.665 r  inst5/po_data_reg[4]/Q
                         net (fo=128, routed)         7.278    12.943    inst3/mem_reg[127][7]_0[4]
    SLICE_X32Y130        FDRE                                         r  inst3/mem_reg[74][4]/D
  -------------------------------------------------------------------    -------------------

                         (clock sys_clk_pin rise edge)
                                                     10.000    10.000 r  
    E3                                                0.000    10.000 r  clk (IN)
                         net (fo=0)                   0.000    10.000    clk
    E3                   IBUF (Prop_ibuf_I_O)         1.411    11.411 r  clk_IBUF_inst/O
                         net (fo=1, routed)           1.920    13.331    clk_IBUF
    BUFGCTRL_X0Y16       BUFG (Prop_bufg_I_O)         0.091    13.422 r  clk_IBUF_BUFG_inst/O
                         net (fo=1321, routed)        1.493    14.915    inst3/CLK
    SLICE_X32Y130        FDRE                                         r  inst3/mem_reg[74][4]/C
                         clock pessimism              0.259    15.174    
                         clock uncertainty           -0.035    15.139    
    SLICE_X32Y130        FDRE (Setup_fdre_C_D)       -0.058    15.081    inst3/mem_reg[74][4]
  -------------------------------------------------------------------
                         required time                         15.081    
                         arrival time                         -12.943    
  -------------------------------------------------------------------
                         slack                                  2.138    

Slack (MET) :             2.139ns  (required time - arrival time)
  Source:                 inst5/po_data_reg[4]/C
                            (rising edge-triggered cell FDCE clocked by sys_clk_pin  {rise@0.000ns fall@5.000ns period=10.000ns})
  Destination:            inst3/mem_reg[66][4]/D
                            (rising edge-triggered cell FDRE clocked by sys_clk_pin  {rise@0.000ns fall@5.000ns period=10.000ns})
  Path Group:             sys_clk_pin
  Path Type:              Setup (Max at Slow Process Corner)
  Requirement:            10.000ns  (sys_clk_pin rise@10.000ns - sys_clk_pin rise@0.000ns)
  Data Path Delay:        7.735ns  (logic 0.456ns (5.895%)  route 7.279ns (94.105%))
  Logic Levels:           0  
  Clock Path Skew:        -0.032ns (DCD - SCD + CPR)
    Destination Clock Delay (DCD):    4.918ns = ( 14.918 - 10.000 ) 
    Source Clock Delay      (SCD):    5.209ns
    Clock Pessimism Removal (CPR):    0.259ns
  Clock Uncertainty:      0.035ns  ((TSJ^2 + TIJ^2)^1/2 + DJ) / 2 + PE
    Total System Jitter     (TSJ):    0.071ns
    Total Input Jitter      (TIJ):    0.000ns
    Discrete Jitter          (DJ):    0.000ns
    Phase Error              (PE):    0.000ns

    Location             Delay type                Incr(ns)  Path(ns)    Netlist Resource(s)
  -------------------------------------------------------------------    -------------------
                         (clock sys_clk_pin rise edge)
                                                      0.000     0.000 r  
    E3                                                0.000     0.000 r  clk (IN)
                         net (fo=0)                   0.000     0.000    clk
    E3                   IBUF (Prop_ibuf_I_O)         1.482     1.482 r  clk_IBUF_inst/O
                         net (fo=1, routed)           2.025     3.506    clk_IBUF
    BUFGCTRL_X0Y16       BUFG (Prop_bufg_I_O)         0.096     3.602 r  clk_IBUF_BUFG_inst/O
                         net (fo=1321, routed)        1.607     5.209    inst5/CLK
    SLICE_X47Y118        FDCE                                         r  inst5/po_data_reg[4]/C
  -------------------------------------------------------------------    -------------------
    SLICE_X47Y118        FDCE (Prop_fdce_C_Q)         0.456     5.665 r  inst5/po_data_reg[4]/Q
                         net (fo=128, routed)         7.279    12.945    inst3/mem_reg[127][7]_0[4]
    SLICE_X32Y132        FDRE                                         r  inst3/mem_reg[66][4]/D
  -------------------------------------------------------------------    -------------------

                         (clock sys_clk_pin rise edge)
                                                     10.000    10.000 r  
    E3                                                0.000    10.000 r  clk (IN)
                         net (fo=0)                   0.000    10.000    clk
    E3                   IBUF (Prop_ibuf_I_O)         1.411    11.411 r  clk_IBUF_inst/O
                         net (fo=1, routed)           1.920    13.331    clk_IBUF
    BUFGCTRL_X0Y16       BUFG (Prop_bufg_I_O)         0.091    13.422 r  clk_IBUF_BUFG_inst/O
                         net (fo=1321, routed)        1.496    14.918    inst3/CLK
    SLICE_X32Y132        FDRE                                         r  inst3/mem_reg[66][4]/C
                         clock pessimism              0.259    15.177    
                         clock uncertainty           -0.035    15.142    
    SLICE_X32Y132        FDRE (Setup_fdre_C_D)       -0.058    15.084    inst3/mem_reg[66][4]
  -------------------------------------------------------------------
                         required time                         15.084    
                         arrival time                         -12.945    
  -------------------------------------------------------------------
                         slack                                  2.139    

Slack (MET) :             2.300ns  (required time - arrival time)
  Source:                 inst5/po_data_reg[4]/C
                            (rising edge-triggered cell FDCE clocked by sys_clk_pin  {rise@0.000ns fall@5.000ns period=10.000ns})
  Destination:            inst3/mem_reg[72][4]/D
                            (rising edge-triggered cell FDRE clocked by sys_clk_pin  {rise@0.000ns fall@5.000ns period=10.000ns})
  Path Group:             sys_clk_pin
  Path Type:              Setup (Max at Slow Process Corner)
  Requirement:            10.000ns  (sys_clk_pin rise@10.000ns - sys_clk_pin rise@0.000ns)
  Data Path Delay:        7.582ns  (logic 0.456ns (6.014%)  route 7.126ns (93.986%))
  Logic Levels:           0  
  Clock Path Skew:        -0.035ns (DCD - SCD + CPR)
    Destination Clock Delay (DCD):    4.915ns = ( 14.915 - 10.000 ) 
    Source Clock Delay      (SCD):    5.209ns
    Clock Pessimism Removal (CPR):    0.259ns
  Clock Uncertainty:      0.035ns  ((TSJ^2 + TIJ^2)^1/2 + DJ) / 2 + PE
    Total System Jitter     (TSJ):    0.071ns
    Total Input Jitter      (TIJ):    0.000ns
    Discrete Jitter          (DJ):    0.000ns
    Phase Error              (PE):    0.000ns

    Location             Delay type                Incr(ns)  Path(ns)    Netlist Resource(s)
  -------------------------------------------------------------------    -------------------
                         (clock sys_clk_pin rise edge)
                                                      0.000     0.000 r  
    E3                                                0.000     0.000 r  clk (IN)
                         net (fo=0)                   0.000     0.000    clk
    E3                   IBUF (Prop_ibuf_I_O)         1.482     1.482 r  clk_IBUF_inst/O
                         net (fo=1, routed)           2.025     3.506    clk_IBUF
    BUFGCTRL_X0Y16       BUFG (Prop_bufg_I_O)         0.096     3.602 r  clk_IBUF_BUFG_inst/O
                         net (fo=1321, routed)        1.607     5.209    inst5/CLK
    SLICE_X47Y118        FDCE                                         r  inst5/po_data_reg[4]/C
  -------------------------------------------------------------------    -------------------
    SLICE_X47Y118        FDCE (Prop_fdce_C_Q)         0.456     5.665 r  inst5/po_data_reg[4]/Q
                         net (fo=128, routed)         7.126    12.792    inst3/mem_reg[127][7]_0[4]
    SLICE_X35Y131        FDRE                                         r  inst3/mem_reg[72][4]/D
  -------------------------------------------------------------------    -------------------

                         (clock sys_clk_pin rise edge)
                                                     10.000    10.000 r  
    E3                                                0.000    10.000 r  clk (IN)
                         net (fo=0)                   0.000    10.000    clk
    E3                   IBUF (Prop_ibuf_I_O)         1.411    11.411 r  clk_IBUF_inst/O
                         net (fo=1, routed)           1.920    13.331    clk_IBUF
    BUFGCTRL_X0Y16       BUFG (Prop_bufg_I_O)         0.091    13.422 r  clk_IBUF_BUFG_inst/O
                         net (fo=1321, routed)        1.493    14.915    inst3/CLK
    SLICE_X35Y131        FDRE                                         r  inst3/mem_reg[72][4]/C
                         clock pessimism              0.259    15.174    
                         clock uncertainty           -0.035    15.139    
    SLICE_X35Y131        FDRE (Setup_fdre_C_D)       -0.047    15.092    inst3/mem_reg[72][4]
  -------------------------------------------------------------------
                         required time                         15.092    
                         arrival time                         -12.792    
  -------------------------------------------------------------------
                         slack                                  2.300    

Slack (MET) :             2.432ns  (required time - arrival time)
  Source:                 inst5/po_data_reg[4]/C
                            (rising edge-triggered cell FDCE clocked by sys_clk_pin  {rise@0.000ns fall@5.000ns period=10.000ns})
  Destination:            inst3/mem_reg[7][4]/D
                            (rising edge-triggered cell FDRE clocked by sys_clk_pin  {rise@0.000ns fall@5.000ns period=10.000ns})
  Path Group:             sys_clk_pin
  Path Type:              Setup (Max at Slow Process Corner)
  Requirement:            10.000ns  (sys_clk_pin rise@10.000ns - sys_clk_pin rise@0.000ns)
  Data Path Delay:        7.445ns  (logic 0.456ns (6.125%)  route 6.989ns (93.875%))
  Logic Levels:           0  
  Clock Path Skew:        -0.030ns (DCD - SCD + CPR)
    Destination Clock Delay (DCD):    4.920ns = ( 14.920 - 10.000 ) 
    Source Clock Delay      (SCD):    5.209ns
    Clock Pessimism Removal (CPR):    0.259ns
  Clock Uncertainty:      0.035ns  ((TSJ^2 + TIJ^2)^1/2 + DJ) / 2 + PE
    Total System Jitter     (TSJ):    0.071ns
    Total Input Jitter      (TIJ):    0.000ns
    Discrete Jitter          (DJ):    0.000ns
    Phase Error              (PE):    0.000ns

    Location             Delay type                Incr(ns)  Path(ns)    Netlist Resource(s)
  -------------------------------------------------------------------    -------------------
                         (clock sys_clk_pin rise edge)
                                                      0.000     0.000 r  
    E3                                                0.000     0.000 r  clk (IN)
                         net (fo=0)                   0.000     0.000    clk
    E3                   IBUF (Prop_ibuf_I_O)         1.482     1.482 r  clk_IBUF_inst/O
                         net (fo=1, routed)           2.025     3.506    clk_IBUF
    BUFGCTRL_X0Y16       BUFG (Prop_bufg_I_O)         0.096     3.602 r  clk_IBUF_BUFG_inst/O
                         net (fo=1321, routed)        1.607     5.209    inst5/CLK
    SLICE_X47Y118        FDCE                                         r  inst5/po_data_reg[4]/C
  -------------------------------------------------------------------    -------------------
    SLICE_X47Y118        FDCE (Prop_fdce_C_Q)         0.456     5.665 r  inst5/po_data_reg[4]/Q
                         net (fo=128, routed)         6.989    12.654    inst3/mem_reg[127][7]_0[4]
    SLICE_X36Y135        FDRE                                         r  inst3/mem_reg[7][4]/D
  -------------------------------------------------------------------    -------------------

                         (clock sys_clk_pin rise edge)
                                                     10.000    10.000 r  
    E3                                                0.000    10.000 r  clk (IN)
                         net (fo=0)                   0.000    10.000    clk
    E3                   IBUF (Prop_ibuf_I_O)         1.411    11.411 r  clk_IBUF_inst/O
                         net (fo=1, routed)           1.920    13.331    clk_IBUF
    BUFGCTRL_X0Y16       BUFG (Prop_bufg_I_O)         0.091    13.422 r  clk_IBUF_BUFG_inst/O
                         net (fo=1321, routed)        1.498    14.920    inst3/CLK
    SLICE_X36Y135        FDRE                                         r  inst3/mem_reg[7][4]/C
                         clock pessimism              0.259    15.179    
                         clock uncertainty           -0.035    15.144    
    SLICE_X36Y135        FDRE (Setup_fdre_C_D)       -0.058    15.086    inst3/mem_reg[7][4]
  -------------------------------------------------------------------
                         required time                         15.086    
                         arrival time                         -12.654    
  -------------------------------------------------------------------
                         slack                                  2.432    

Slack (MET) :             2.483ns  (required time - arrival time)
  Source:                 inst5/po_data_reg[4]/C
                            (rising edge-triggered cell FDCE clocked by sys_clk_pin  {rise@0.000ns fall@5.000ns period=10.000ns})
  Destination:            inst3/mem_reg[68][4]/D
                            (rising edge-triggered cell FDRE clocked by sys_clk_pin  {rise@0.000ns fall@5.000ns period=10.000ns})
  Path Group:             sys_clk_pin
  Path Type:              Setup (Max at Slow Process Corner)
  Requirement:            10.000ns  (sys_clk_pin rise@10.000ns - sys_clk_pin rise@0.000ns)
  Data Path Delay:        7.433ns  (logic 0.456ns (6.135%)  route 6.977ns (93.865%))
  Logic Levels:           0  
  Clock Path Skew:        -0.033ns (DCD - SCD + CPR)
    Destination Clock Delay (DCD):    4.917ns = ( 14.917 - 10.000 ) 
    Source Clock Delay      (SCD):    5.209ns
    Clock Pessimism Removal (CPR):    0.259ns
  Clock Uncertainty:      0.035ns  ((TSJ^2 + TIJ^2)^1/2 + DJ) / 2 + PE
    Total System Jitter     (TSJ):    0.071ns
    Total Input Jitter      (TIJ):    0.000ns
    Discrete Jitter          (DJ):    0.000ns
    Phase Error              (PE):    0.000ns

    Location             Delay type                Incr(ns)  Path(ns)    Netlist Resource(s)
  -------------------------------------------------------------------    -------------------
                         (clock sys_clk_pin rise edge)
                                                      0.000     0.000 r  
    E3                                                0.000     0.000 r  clk (IN)
                         net (fo=0)                   0.000     0.000    clk
    E3                   IBUF (Prop_ibuf_I_O)         1.482     1.482 r  clk_IBUF_inst/O
                         net (fo=1, routed)           2.025     3.506    clk_IBUF
    BUFGCTRL_X0Y16       BUFG (Prop_bufg_I_O)         0.096     3.602 r  clk_IBUF_BUFG_inst/O
                         net (fo=1321, routed)        1.607     5.209    inst5/CLK
    SLICE_X47Y118        FDCE                                         r  inst5/po_data_reg[4]/C
  -------------------------------------------------------------------    -------------------
    SLICE_X47Y118        FDCE (Prop_fdce_C_Q)         0.456     5.665 r  inst5/po_data_reg[4]/Q
                         net (fo=128, routed)         6.977    12.642    inst3/mem_reg[127][7]_0[4]
    SLICE_X34Y132        FDRE                                         r  inst3/mem_reg[68][4]/D
  -------------------------------------------------------------------    -------------------

                         (clock sys_clk_pin rise edge)
                                                     10.000    10.000 r  
    E3                                                0.000    10.000 r  clk (IN)
                         net (fo=0)                   0.000    10.000    clk
    E3                   IBUF (Prop_ibuf_I_O)         1.411    11.411 r  clk_IBUF_inst/O
                         net (fo=1, routed)           1.920    13.331    clk_IBUF
    BUFGCTRL_X0Y16       BUFG (Prop_bufg_I_O)         0.091    13.422 r  clk_IBUF_BUFG_inst/O
                         net (fo=1321, routed)        1.495    14.917    inst3/CLK
    SLICE_X34Y132        FDRE                                         r  inst3/mem_reg[68][4]/C
                         clock pessimism              0.259    15.176    
                         clock uncertainty           -0.035    15.141    
    SLICE_X34Y132        FDRE (Setup_fdre_C_D)       -0.016    15.125    inst3/mem_reg[68][4]
  -------------------------------------------------------------------
                         required time                         15.125    
                         arrival time                         -12.642    
  -------------------------------------------------------------------
                         slack                                  2.483    

Slack (MET) :             2.597ns  (required time - arrival time)
  Source:                 inst5/po_data_reg[4]/C
                            (rising edge-triggered cell FDCE clocked by sys_clk_pin  {rise@0.000ns fall@5.000ns period=10.000ns})
  Destination:            inst3/mem_reg[9][4]/D
                            (rising edge-triggered cell FDRE clocked by sys_clk_pin  {rise@0.000ns fall@5.000ns period=10.000ns})
  Path Group:             sys_clk_pin
  Path Type:              Setup (Max at Slow Process Corner)
  Requirement:            10.000ns  (sys_clk_pin rise@10.000ns - sys_clk_pin rise@0.000ns)
  Data Path Delay:        7.269ns  (logic 0.456ns (6.273%)  route 6.813ns (93.727%))
  Logic Levels:           0  
  Clock Path Skew:        -0.031ns (DCD - SCD + CPR)
    Destination Clock Delay (DCD):    4.919ns = ( 14.919 - 10.000 ) 
    Source Clock Delay      (SCD):    5.209ns
    Clock Pessimism Removal (CPR):    0.259ns
  Clock Uncertainty:      0.035ns  ((TSJ^2 + TIJ^2)^1/2 + DJ) / 2 + PE
    Total System Jitter     (TSJ):    0.071ns
    Total Input Jitter      (TIJ):    0.000ns
    Discrete Jitter          (DJ):    0.000ns
    Phase Error              (PE):    0.000ns

    Location             Delay type                Incr(ns)  Path(ns)    Netlist Resource(s)
  -------------------------------------------------------------------    -------------------
                         (clock sys_clk_pin rise edge)
                                                      0.000     0.000 r  
    E3                                                0.000     0.000 r  clk (IN)
                         net (fo=0)                   0.000     0.000    clk
    E3                   IBUF (Prop_ibuf_I_O)         1.482     1.482 r  clk_IBUF_inst/O
                         net (fo=1, routed)           2.025     3.506    clk_IBUF
    BUFGCTRL_X0Y16       BUFG (Prop_bufg_I_O)         0.096     3.602 r  clk_IBUF_BUFG_inst/O
                         net (fo=1321, routed)        1.607     5.209    inst5/CLK
    SLICE_X47Y118        FDCE                                         r  inst5/po_data_reg[4]/C
  -------------------------------------------------------------------    -------------------
    SLICE_X47Y118        FDCE (Prop_fdce_C_Q)         0.456     5.665 r  inst5/po_data_reg[4]/Q
                         net (fo=128, routed)         6.813    12.479    inst3/mem_reg[127][7]_0[4]
    SLICE_X35Y134        FDRE                                         r  inst3/mem_reg[9][4]/D
  -------------------------------------------------------------------    -------------------

                         (clock sys_clk_pin rise edge)
                                                     10.000    10.000 r  
    E3                                                0.000    10.000 r  clk (IN)
                         net (fo=0)                   0.000    10.000    clk
    E3                   IBUF (Prop_ibuf_I_O)         1.411    11.411 r  clk_IBUF_inst/O
                         net (fo=1, routed)           1.920    13.331    clk_IBUF
    BUFGCTRL_X0Y16       BUFG (Prop_bufg_I_O)         0.091    13.422 r  clk_IBUF_BUFG_inst/O
                         net (fo=1321, routed)        1.497    14.919    inst3/CLK
    SLICE_X35Y134        FDRE                                         r  inst3/mem_reg[9][4]/C
                         clock pessimism              0.259    15.178    
                         clock uncertainty           -0.035    15.143    
    SLICE_X35Y134        FDRE (Setup_fdre_C_D)       -0.067    15.076    inst3/mem_reg[9][4]
  -------------------------------------------------------------------
                         required time                         15.076    
                         arrival time                         -12.479    
  -------------------------------------------------------------------
                         slack                                  2.597    

Slack (MET) :             2.601ns  (required time - arrival time)
  Source:                 inst5/po_data_reg[4]/C
                            (rising edge-triggered cell FDCE clocked by sys_clk_pin  {rise@0.000ns fall@5.000ns period=10.000ns})
  Destination:            inst3/mem_reg[8][4]/D
                            (rising edge-triggered cell FDRE clocked by sys_clk_pin  {rise@0.000ns fall@5.000ns period=10.000ns})
  Path Group:             sys_clk_pin
  Path Type:              Setup (Max at Slow Process Corner)
  Requirement:            10.000ns  (sys_clk_pin rise@10.000ns - sys_clk_pin rise@0.000ns)
  Data Path Delay:        7.252ns  (logic 0.456ns (6.288%)  route 6.796ns (93.712%))
  Logic Levels:           0  
  Clock Path Skew:        -0.030ns (DCD - SCD + CPR)
    Destination Clock Delay (DCD):    4.920ns = ( 14.920 - 10.000 ) 
    Source Clock Delay      (SCD):    5.209ns
    Clock Pessimism Removal (CPR):    0.259ns
  Clock Uncertainty:      0.035ns  ((TSJ^2 + TIJ^2)^1/2 + DJ) / 2 + PE
    Total System Jitter     (TSJ):    0.071ns
    Total Input Jitter      (TIJ):    0.000ns
    Discrete Jitter          (DJ):    0.000ns
    Phase Error              (PE):    0.000ns

    Location             Delay type                Incr(ns)  Path(ns)    Netlist Resource(s)
  -------------------------------------------------------------------    -------------------
                         (clock sys_clk_pin rise edge)
                                                      0.000     0.000 r  
    E3                                                0.000     0.000 r  clk (IN)
                         net (fo=0)                   0.000     0.000    clk
    E3                   IBUF (Prop_ibuf_I_O)         1.482     1.482 r  clk_IBUF_inst/O
                         net (fo=1, routed)           2.025     3.506    clk_IBUF
    BUFGCTRL_X0Y16       BUFG (Prop_bufg_I_O)         0.096     3.602 r  clk_IBUF_BUFG_inst/O
                         net (fo=1321, routed)        1.607     5.209    inst5/CLK
    SLICE_X47Y118        FDCE                                         r  inst5/po_data_reg[4]/C
  -------------------------------------------------------------------    -------------------
    SLICE_X47Y118        FDCE (Prop_fdce_C_Q)         0.456     5.665 r  inst5/po_data_reg[4]/Q
                         net (fo=128, routed)         6.796    12.462    inst3/mem_reg[127][7]_0[4]
    SLICE_X37Y135        FDRE                                         r  inst3/mem_reg[8][4]/D
  -------------------------------------------------------------------    -------------------

                         (clock sys_clk_pin rise edge)
                                                     10.000    10.000 r  
    E3                                                0.000    10.000 r  clk (IN)
                         net (fo=0)                   0.000    10.000    clk
    E3                   IBUF (Prop_ibuf_I_O)         1.411    11.411 r  clk_IBUF_inst/O
                         net (fo=1, routed)           1.920    13.331    clk_IBUF
    BUFGCTRL_X0Y16       BUFG (Prop_bufg_I_O)         0.091    13.422 r  clk_IBUF_BUFG_inst/O
                         net (fo=1321, routed)        1.498    14.920    inst3/CLK
    SLICE_X37Y135        FDRE                                         r  inst3/mem_reg[8][4]/C
                         clock pessimism              0.259    15.179    
                         clock uncertainty           -0.035    15.144    
    SLICE_X37Y135        FDRE (Setup_fdre_C_D)       -0.081    15.063    inst3/mem_reg[8][4]
  -------------------------------------------------------------------
                         required time                         15.063    
                         arrival time                         -12.462    
  -------------------------------------------------------------------
                         slack                                  2.601    





Min Delay Paths
--------------------------------------------------------------------------------------
Slack (MET) :             0.119ns  (arrival time - required time)
  Source:                 inst3/rd_ptr_gray_sync1_reg[7]/C
                            (rising edge-triggered cell FDCE clocked by sys_clk_pin  {rise@0.000ns fall@5.000ns period=10.000ns})
  Destination:            inst3/rd_ptr_gray_sync2_reg[7]/D
                            (rising edge-triggered cell FDCE clocked by sys_clk_pin  {rise@0.000ns fall@5.000ns period=10.000ns})
  Path Group:             sys_clk_pin
  Path Type:              Hold (Min at Fast Process Corner)
  Requirement:            0.000ns  (sys_clk_pin rise@0.000ns - sys_clk_pin rise@0.000ns)
  Data Path Delay:        0.197ns  (logic 0.141ns (71.611%)  route 0.056ns (28.389%))
  Logic Levels:           0  
  Clock Path Skew:        0.000ns (DCD - SCD - CPR)
    Destination Clock Delay (DCD):    1.980ns
    Source Clock Delay      (SCD):    1.466ns
    Clock Pessimism Removal (CPR):    0.513ns

    Location             Delay type                Incr(ns)  Path(ns)    Netlist Resource(s)
  -------------------------------------------------------------------    -------------------
                         (clock sys_clk_pin rise edge)
                                                      0.000     0.000 r  
    E3                                                0.000     0.000 r  clk (IN)
                         net (fo=0)                   0.000     0.000    clk
    E3                   IBUF (Prop_ibuf_I_O)         0.250     0.250 r  clk_IBUF_inst/O
                         net (fo=1, routed)           0.644     0.894    clk_IBUF
    BUFGCTRL_X0Y16       BUFG (Prop_bufg_I_O)         0.026     0.920 r  clk_IBUF_BUFG_inst/O
                         net (fo=1321, routed)        0.547     1.466    inst3/CLK
    SLICE_X49Y125        FDCE                                         r  inst3/rd_ptr_gray_sync1_reg[7]/C
  -------------------------------------------------------------------    -------------------
    SLICE_X49Y125        FDCE (Prop_fdce_C_Q)         0.141     1.607 r  inst3/rd_ptr_gray_sync1_reg[7]/Q
                         net (fo=1, routed)           0.056     1.663    inst3/rd_ptr_gray_sync1[7]
    SLICE_X49Y125        FDCE                                         r  inst3/rd_ptr_gray_sync2_reg[7]/D
  -------------------------------------------------------------------    -------------------

                         (clock sys_clk_pin rise edge)
                                                      0.000     0.000 r  
    E3                                                0.000     0.000 r  clk (IN)
                         net (fo=0)                   0.000     0.000    clk
    E3                   IBUF (Prop_ibuf_I_O)         0.438     0.438 r  clk_IBUF_inst/O
                         net (fo=1, routed)           0.699     1.136    clk_IBUF
    BUFGCTRL_X0Y16       BUFG (Prop_bufg_I_O)         0.029     1.165 r  clk_IBUF_BUFG_inst/O
                         net (fo=1321, routed)        0.815     1.980    inst3/CLK
    SLICE_X49Y125        FDCE                                         r  inst3/rd_ptr_gray_sync2_reg[7]/C
                         clock pessimism             -0.513     1.466    
    SLICE_X49Y125        FDCE (Hold_fdce_C_D)         0.078     1.544    inst3/rd_ptr_gray_sync2_reg[7]
  -------------------------------------------------------------------
                         required time                         -1.544    
                         arrival time                           1.663    
  -------------------------------------------------------------------
                         slack                                  0.119    

Slack (MET) :             0.121ns  (arrival time - required time)
  Source:                 inst3/rd_ptr_gray_sync1_reg[6]/C
                            (rising edge-triggered cell FDCE clocked by sys_clk_pin  {rise@0.000ns fall@5.000ns period=10.000ns})
  Destination:            inst3/rd_ptr_gray_sync2_reg[6]/D
                            (rising edge-triggered cell FDCE clocked by sys_clk_pin  {rise@0.000ns fall@5.000ns period=10.000ns})
  Path Group:             sys_clk_pin
  Path Type:              Hold (Min at Fast Process Corner)
  Requirement:            0.000ns  (sys_clk_pin rise@0.000ns - sys_clk_pin rise@0.000ns)
  Data Path Delay:        0.197ns  (logic 0.141ns (71.611%)  route 0.056ns (28.389%))
  Logic Levels:           0  
  Clock Path Skew:        0.000ns (DCD - SCD - CPR)
    Destination Clock Delay (DCD):    1.980ns
    Source Clock Delay      (SCD):    1.466ns
    Clock Pessimism Removal (CPR):    0.513ns

    Location             Delay type                Incr(ns)  Path(ns)    Netlist Resource(s)
  -------------------------------------------------------------------    -------------------
                         (clock sys_clk_pin rise edge)
                                                      0.000     0.000 r  
    E3                                                0.000     0.000 r  clk (IN)
                         net (fo=0)                   0.000     0.000    clk
    E3                   IBUF (Prop_ibuf_I_O)         0.250     0.250 r  clk_IBUF_inst/O
                         net (fo=1, routed)           0.644     0.894    clk_IBUF
    BUFGCTRL_X0Y16       BUFG (Prop_bufg_I_O)         0.026     0.920 r  clk_IBUF_BUFG_inst/O
                         net (fo=1321, routed)        0.547     1.466    inst3/CLK
    SLICE_X49Y125        FDCE                                         r  inst3/rd_ptr_gray_sync1_reg[6]/C
  -------------------------------------------------------------------    -------------------
    SLICE_X49Y125        FDCE (Prop_fdce_C_Q)         0.141     1.607 r  inst3/rd_ptr_gray_sync1_reg[6]/Q
                         net (fo=1, routed)           0.056     1.663    inst3/rd_ptr_gray_sync1[6]
    SLICE_X49Y125        FDCE                                         r  inst3/rd_ptr_gray_sync2_reg[6]/D
  -------------------------------------------------------------------    -------------------

                         (clock sys_clk_pin rise edge)
                                                      0.000     0.000 r  
    E3                                                0.000     0.000 r  clk (IN)
                         net (fo=0)                   0.000     0.000    clk
    E3                   IBUF (Prop_ibuf_I_O)         0.438     0.438 r  clk_IBUF_inst/O
                         net (fo=1, routed)           0.699     1.136    clk_IBUF
    BUFGCTRL_X0Y16       BUFG (Prop_bufg_I_O)         0.029     1.165 r  clk_IBUF_BUFG_inst/O
                         net (fo=1321, routed)        0.815     1.980    inst3/CLK
    SLICE_X49Y125        FDCE                                         r  inst3/rd_ptr_gray_sync2_reg[6]/C
                         clock pessimism             -0.513     1.466    
    SLICE_X49Y125        FDCE (Hold_fdce_C_D)         0.076     1.542    inst3/rd_ptr_gray_sync2_reg[6]
  -------------------------------------------------------------------
                         required time                         -1.542    
                         arrival time                           1.663    
  -------------------------------------------------------------------
                         slack                                  0.121    

Slack (MET) :             0.122ns  (arrival time - required time)
  Source:                 inst3/rd_ptr_gray_sync1_reg[4]/C
                            (rising edge-triggered cell FDCE clocked by sys_clk_pin  {rise@0.000ns fall@5.000ns period=10.000ns})
  Destination:            inst3/rd_ptr_gray_sync2_reg[4]/D
                            (rising edge-triggered cell FDCE clocked by sys_clk_pin  {rise@0.000ns fall@5.000ns period=10.000ns})
  Path Group:             sys_clk_pin
  Path Type:              Hold (Min at Fast Process Corner)
  Requirement:            0.000ns  (sys_clk_pin rise@0.000ns - sys_clk_pin rise@0.000ns)
  Data Path Delay:        0.197ns  (logic 0.141ns (71.611%)  route 0.056ns (28.389%))
  Logic Levels:           0  
  Clock Path Skew:        0.000ns (DCD - SCD - CPR)
    Destination Clock Delay (DCD):    1.980ns
    Source Clock Delay      (SCD):    1.466ns
    Clock Pessimism Removal (CPR):    0.513ns

    Location             Delay type                Incr(ns)  Path(ns)    Netlist Resource(s)
  -------------------------------------------------------------------    -------------------
                         (clock sys_clk_pin rise edge)
                                                      0.000     0.000 r  
    E3                                                0.000     0.000 r  clk (IN)
                         net (fo=0)                   0.000     0.000    clk
    E3                   IBUF (Prop_ibuf_I_O)         0.250     0.250 r  clk_IBUF_inst/O
                         net (fo=1, routed)           0.644     0.894    clk_IBUF
    BUFGCTRL_X0Y16       BUFG (Prop_bufg_I_O)         0.026     0.920 r  clk_IBUF_BUFG_inst/O
                         net (fo=1321, routed)        0.547     1.466    inst3/CLK
    SLICE_X49Y125        FDCE                                         r  inst3/rd_ptr_gray_sync1_reg[4]/C
  -------------------------------------------------------------------    -------------------
    SLICE_X49Y125        FDCE (Prop_fdce_C_Q)         0.141     1.607 r  inst3/rd_ptr_gray_sync1_reg[4]/Q
                         net (fo=1, routed)           0.056     1.663    inst3/rd_ptr_gray_sync1[4]
    SLICE_X49Y125        FDCE                                         r  inst3/rd_ptr_gray_sync2_reg[4]/D
  -------------------------------------------------------------------    -------------------

                         (clock sys_clk_pin rise edge)
                                                      0.000     0.000 r  
    E3                                                0.000     0.000 r  clk (IN)
                         net (fo=0)                   0.000     0.000    clk
    E3                   IBUF (Prop_ibuf_I_O)         0.438     0.438 r  clk_IBUF_inst/O
                         net (fo=1, routed)           0.699     1.136    clk_IBUF
    BUFGCTRL_X0Y16       BUFG (Prop_bufg_I_O)         0.029     1.165 r  clk_IBUF_BUFG_inst/O
                         net (fo=1321, routed)        0.815     1.980    inst3/CLK
    SLICE_X49Y125        FDCE                                         r  inst3/rd_ptr_gray_sync2_reg[4]/C
                         clock pessimism             -0.513     1.466    
    SLICE_X49Y125        FDCE (Hold_fdce_C_D)         0.075     1.541    inst3/rd_ptr_gray_sync2_reg[4]
  -------------------------------------------------------------------
                         required time                         -1.541    
                         arrival time                           1.663    
  -------------------------------------------------------------------
                         slack                                  0.122    

Slack (MET) :             0.126ns  (arrival time - required time)
  Source:                 inst3/rd_ptr_gray_sync1_reg[5]/C
                            (rising edge-triggered cell FDCE clocked by sys_clk_pin  {rise@0.000ns fall@5.000ns period=10.000ns})
  Destination:            inst3/rd_ptr_gray_sync2_reg[5]/D
                            (rising edge-triggered cell FDCE clocked by sys_clk_pin  {rise@0.000ns fall@5.000ns period=10.000ns})
  Path Group:             sys_clk_pin
  Path Type:              Hold (Min at Fast Process Corner)
  Requirement:            0.000ns  (sys_clk_pin rise@0.000ns - sys_clk_pin rise@0.000ns)
  Data Path Delay:        0.197ns  (logic 0.141ns (71.611%)  route 0.056ns (28.389%))
  Logic Levels:           0  
  Clock Path Skew:        0.000ns (DCD - SCD - CPR)
    Destination Clock Delay (DCD):    1.980ns
    Source Clock Delay      (SCD):    1.466ns
    Clock Pessimism Removal (CPR):    0.513ns

    Location             Delay type                Incr(ns)  Path(ns)    Netlist Resource(s)
  -------------------------------------------------------------------    -------------------
                         (clock sys_clk_pin rise edge)
                                                      0.000     0.000 r  
    E3                                                0.000     0.000 r  clk (IN)
                         net (fo=0)                   0.000     0.000    clk
    E3                   IBUF (Prop_ibuf_I_O)         0.250     0.250 r  clk_IBUF_inst/O
                         net (fo=1, routed)           0.644     0.894    clk_IBUF
    BUFGCTRL_X0Y16       BUFG (Prop_bufg_I_O)         0.026     0.920 r  clk_IBUF_BUFG_inst/O
                         net (fo=1321, routed)        0.547     1.466    inst3/CLK
    SLICE_X49Y125        FDCE                                         r  inst3/rd_ptr_gray_sync1_reg[5]/C
  -------------------------------------------------------------------    -------------------
    SLICE_X49Y125        FDCE (Prop_fdce_C_Q)         0.141     1.607 r  inst3/rd_ptr_gray_sync1_reg[5]/Q
                         net (fo=1, routed)           0.056     1.663    inst3/rd_ptr_gray_sync1[5]
    SLICE_X49Y125        FDCE                                         r  inst3/rd_ptr_gray_sync2_reg[5]/D
  -------------------------------------------------------------------    -------------------

                         (clock sys_clk_pin rise edge)
                                                      0.000     0.000 r  
    E3                                                0.000     0.000 r  clk (IN)
                         net (fo=0)                   0.000     0.000    clk
    E3                   IBUF (Prop_ibuf_I_O)         0.438     0.438 r  clk_IBUF_inst/O
                         net (fo=1, routed)           0.699     1.136    clk_IBUF
    BUFGCTRL_X0Y16       BUFG (Prop_bufg_I_O)         0.029     1.165 r  clk_IBUF_BUFG_inst/O
                         net (fo=1321, routed)        0.815     1.980    inst3/CLK
    SLICE_X49Y125        FDCE                                         r  inst3/rd_ptr_gray_sync2_reg[5]/C
                         clock pessimism             -0.513     1.466    
    SLICE_X49Y125        FDCE (Hold_fdce_C_D)         0.071     1.537    inst3/rd_ptr_gray_sync2_reg[5]
  -------------------------------------------------------------------
                         required time                         -1.537    
                         arrival time                           1.663    
  -------------------------------------------------------------------
                         slack                                  0.126    

Slack (MET) :             0.170ns  (arrival time - required time)
  Source:                 inst2/clk_cnt_reg[18]/C
                            (rising edge-triggered cell FDRE clocked by sys_clk_pin  {rise@0.000ns fall@5.000ns period=10.000ns})
  Destination:            inst2/led_reg/D
                            (rising edge-triggered cell FDRE clocked by sys_clk_pin  {rise@0.000ns fall@5.000ns period=10.000ns})
  Path Group:             sys_clk_pin
  Path Type:              Hold (Min at Fast Process Corner)
  Requirement:            0.000ns  (sys_clk_pin rise@0.000ns - sys_clk_pin rise@0.000ns)
  Data Path Delay:        0.539ns  (logic 0.231ns (42.876%)  route 0.308ns (57.124%))
  Logic Levels:           2  (LUT4=1 LUT6=1)
  Clock Path Skew:        0.277ns (DCD - SCD - CPR)
    Destination Clock Delay (DCD):    2.008ns
    Source Clock Delay      (SCD):    1.485ns
    Clock Pessimism Removal (CPR):    0.245ns

    Location             Delay type                Incr(ns)  Path(ns)    Netlist Resource(s)
  -------------------------------------------------------------------    -------------------
                         (clock sys_clk_pin rise edge)
                                                      0.000     0.000 r  
    E3                                                0.000     0.000 r  clk (IN)
                         net (fo=0)                   0.000     0.000    clk
    E3                   IBUF (Prop_ibuf_I_O)         0.250     0.250 r  clk_IBUF_inst/O
                         net (fo=1, routed)           0.644     0.894    clk_IBUF
    BUFGCTRL_X0Y16       BUFG (Prop_bufg_I_O)         0.026     0.920 r  clk_IBUF_BUFG_inst/O
                         net (fo=1321, routed)        0.566     1.485    inst2/CLK
    SLICE_X31Y100        FDRE                                         r  inst2/clk_cnt_reg[18]/C
  -------------------------------------------------------------------    -------------------
    SLICE_X31Y100        FDRE (Prop_fdre_C_Q)         0.141     1.626 r  inst2/clk_cnt_reg[18]/Q
                         net (fo=4, routed)           0.186     1.813    inst2/clk_cnt[18]
    SLICE_X31Y99         LUT6 (Prop_lut6_I1_O)        0.045     1.858 r  inst2/en_i_2/O
                         net (fo=5, routed)           0.121     1.979    inst2/en_i_2_n_0
    SLICE_X32Y98         LUT4 (Prop_lut4_I0_O)        0.045     2.024 r  inst2/led_i_1/O
                         net (fo=1, routed)           0.000     2.024    inst2/led_i_1_n_0
    SLICE_X32Y98         FDRE                                         r  inst2/led_reg/D
  -------------------------------------------------------------------    -------------------

                         (clock sys_clk_pin rise edge)
                                                      0.000     0.000 r  
    E3                                                0.000     0.000 r  clk (IN)
                         net (fo=0)                   0.000     0.000    clk
    E3                   IBUF (Prop_ibuf_I_O)         0.438     0.438 r  clk_IBUF_inst/O
                         net (fo=1, routed)           0.699     1.136    clk_IBUF
    BUFGCTRL_X0Y16       BUFG (Prop_bufg_I_O)         0.029     1.165 r  clk_IBUF_BUFG_inst/O
                         net (fo=1321, routed)        0.843     2.008    inst2/CLK
    SLICE_X32Y98         FDRE                                         r  inst2/led_reg/C
                         clock pessimism             -0.245     1.762    
    SLICE_X32Y98         FDRE (Hold_fdre_C_D)         0.092     1.854    inst2/led_reg
  -------------------------------------------------------------------
                         required time                         -1.854    
                         arrival time                           2.024    
  -------------------------------------------------------------------
                         slack                                  0.170    

Slack (MET) :             0.172ns  (arrival time - required time)
  Source:                 inst2/clk_cnt_reg[18]/C
                            (rising edge-triggered cell FDRE clocked by sys_clk_pin  {rise@0.000ns fall@5.000ns period=10.000ns})
  Destination:            inst2/en_reg/D
                            (rising edge-triggered cell FDRE clocked by sys_clk_pin  {rise@0.000ns fall@5.000ns period=10.000ns})
  Path Group:             sys_clk_pin
  Path Type:              Hold (Min at Fast Process Corner)
  Requirement:            0.000ns  (sys_clk_pin rise@0.000ns - sys_clk_pin rise@0.000ns)
  Data Path Delay:        0.540ns  (logic 0.231ns (42.796%)  route 0.309ns (57.204%))
  Logic Levels:           2  (LUT6=2)
  Clock Path Skew:        0.277ns (DCD - SCD - CPR)
    Destination Clock Delay (DCD):    2.008ns
    Source Clock Delay      (SCD):    1.485ns
    Clock Pessimism Removal (CPR):    0.245ns

    Location             Delay type                Incr(ns)  Path(ns)    Netlist Resource(s)
  -------------------------------------------------------------------    -------------------
                         (clock sys_clk_pin rise edge)
                                                      0.000     0.000 r  
    E3                                                0.000     0.000 r  clk (IN)
                         net (fo=0)                   0.000     0.000    clk
    E3                   IBUF (Prop_ibuf_I_O)         0.250     0.250 r  clk_IBUF_inst/O
                         net (fo=1, routed)           0.644     0.894    clk_IBUF
    BUFGCTRL_X0Y16       BUFG (Prop_bufg_I_O)         0.026     0.920 r  clk_IBUF_BUFG_inst/O
                         net (fo=1321, routed)        0.566     1.485    inst2/CLK
    SLICE_X31Y100        FDRE                                         r  inst2/clk_cnt_reg[18]/C
  -------------------------------------------------------------------    -------------------
    SLICE_X31Y100        FDRE (Prop_fdre_C_Q)         0.141     1.626 r  inst2/clk_cnt_reg[18]/Q
                         net (fo=4, routed)           0.186     1.813    inst2/clk_cnt[18]
    SLICE_X31Y99         LUT6 (Prop_lut6_I1_O)        0.045     1.858 r  inst2/en_i_2/O
                         net (fo=5, routed)           0.122     1.980    inst2/en_i_2_n_0
    SLICE_X32Y98         LUT6 (Prop_lut6_I2_O)        0.045     2.025 r  inst2/en_i_1/O
                         net (fo=1, routed)           0.000     2.025    inst2/en_i_1_n_0
    SLICE_X32Y98         FDRE                                         r  inst2/en_reg/D
  -------------------------------------------------------------------    -------------------

                         (clock sys_clk_pin rise edge)
                                                      0.000     0.000 r  
    E3                                                0.000     0.000 r  clk (IN)
                         net (fo=0)                   0.000     0.000    clk
    E3                   IBUF (Prop_ibuf_I_O)         0.438     0.438 r  clk_IBUF_inst/O
                         net (fo=1, routed)           0.699     1.136    clk_IBUF
    BUFGCTRL_X0Y16       BUFG (Prop_bufg_I_O)         0.029     1.165 r  clk_IBUF_BUFG_inst/O
                         net (fo=1321, routed)        0.843     2.008    inst2/CLK
    SLICE_X32Y98         FDRE                                         r  inst2/en_reg/C
                         clock pessimism             -0.245     1.762    
    SLICE_X32Y98         FDRE (Hold_fdre_C_D)         0.091     1.853    inst2/en_reg
  -------------------------------------------------------------------
                         required time                         -1.853    
                         arrival time                           2.025    
  -------------------------------------------------------------------
                         slack                                  0.172    

Slack (MET) :             0.173ns  (arrival time - required time)
  Source:                 inst5/rx_data_reg[0]/C
                            (rising edge-triggered cell FDCE clocked by sys_clk_pin  {rise@0.000ns fall@5.000ns period=10.000ns})
  Destination:            inst5/po_data_reg[0]/D
                            (rising edge-triggered cell FDCE clocked by sys_clk_pin  {rise@0.000ns fall@5.000ns period=10.000ns})
  Path Group:             sys_clk_pin
  Path Type:              Hold (Min at Fast Process Corner)
  Requirement:            0.000ns  (sys_clk_pin rise@0.000ns - sys_clk_pin rise@0.000ns)
  Data Path Delay:        0.246ns  (logic 0.141ns (57.415%)  route 0.105ns (42.585%))
  Logic Levels:           0  
  Clock Path Skew:        0.014ns (DCD - SCD - CPR)
    Destination Clock Delay (DCD):    1.987ns
    Source Clock Delay      (SCD):    1.472ns
    Clock Pessimism Removal (CPR):    0.500ns

    Location             Delay type                Incr(ns)  Path(ns)    Netlist Resource(s)
  -------------------------------------------------------------------    -------------------
                         (clock sys_clk_pin rise edge)
                                                      0.000     0.000 r  
    E3                                                0.000     0.000 r  clk (IN)
                         net (fo=0)                   0.000     0.000    clk
    E3                   IBUF (Prop_ibuf_I_O)         0.250     0.250 r  clk_IBUF_inst/O
                         net (fo=1, routed)           0.644     0.894    clk_IBUF
    BUFGCTRL_X0Y16       BUFG (Prop_bufg_I_O)         0.026     0.920 r  clk_IBUF_BUFG_inst/O
                         net (fo=1321, routed)        0.553     1.472    inst5/CLK
    SLICE_X48Y118        FDCE                                         r  inst5/rx_data_reg[0]/C
  -------------------------------------------------------------------    -------------------
    SLICE_X48Y118        FDCE (Prop_fdce_C_Q)         0.141     1.613 r  inst5/rx_data_reg[0]/Q
                         net (fo=1, routed)           0.105     1.718    inst5/rx_data[0]
    SLICE_X46Y118        FDCE                                         r  inst5/po_data_reg[0]/D
  -------------------------------------------------------------------    -------------------

                         (clock sys_clk_pin rise edge)
                                                      0.000     0.000 r  
    E3                                                0.000     0.000 r  clk (IN)
                         net (fo=0)                   0.000     0.000    clk
    E3                   IBUF (Prop_ibuf_I_O)         0.438     0.438 r  clk_IBUF_inst/O
                         net (fo=1, routed)           0.699     1.136    clk_IBUF
    BUFGCTRL_X0Y16       BUFG (Prop_bufg_I_O)         0.029     1.165 r  clk_IBUF_BUFG_inst/O
                         net (fo=1321, routed)        0.822     1.987    inst5/CLK
    SLICE_X46Y118        FDCE                                         r  inst5/po_data_reg[0]/C
                         clock pessimism             -0.500     1.486    
    SLICE_X46Y118        FDCE (Hold_fdce_C_D)         0.059     1.545    inst5/po_data_reg[0]
  -------------------------------------------------------------------
                         required time                         -1.545    
                         arrival time                           1.718    
  -------------------------------------------------------------------
                         slack                                  0.173    

Slack (MET) :             0.179ns  (arrival time - required time)
  Source:                 inst3/rd_ptr_gray_sync1_reg[2]/C
                            (rising edge-triggered cell FDCE clocked by sys_clk_pin  {rise@0.000ns fall@5.000ns period=10.000ns})
  Destination:            inst3/rd_ptr_gray_sync2_reg[2]/D
                            (rising edge-triggered cell FDCE clocked by sys_clk_pin  {rise@0.000ns fall@5.000ns period=10.000ns})
  Path Group:             sys_clk_pin
  Path Type:              Hold (Min at Fast Process Corner)
  Requirement:            0.000ns  (sys_clk_pin rise@0.000ns - sys_clk_pin rise@0.000ns)
  Data Path Delay:        0.251ns  (logic 0.141ns (56.174%)  route 0.110ns (43.826%))
  Logic Levels:           0  
  Clock Path Skew:        0.000ns (DCD - SCD - CPR)
    Destination Clock Delay (DCD):    1.979ns
    Source Clock Delay      (SCD):    1.466ns
    Clock Pessimism Removal (CPR):    0.512ns

    Location             Delay type                Incr(ns)  Path(ns)    Netlist Resource(s)
  -------------------------------------------------------------------    -------------------
                         (clock sys_clk_pin rise edge)
                                                      0.000     0.000 r  
    E3                                                0.000     0.000 r  clk (IN)
                         net (fo=0)                   0.000     0.000    clk
    E3                   IBUF (Prop_ibuf_I_O)         0.250     0.250 r  clk_IBUF_inst/O
                         net (fo=1, routed)           0.644     0.894    clk_IBUF
    BUFGCTRL_X0Y16       BUFG (Prop_bufg_I_O)         0.026     0.920 r  clk_IBUF_BUFG_inst/O
                         net (fo=1321, routed)        0.547     1.466    inst3/CLK
    SLICE_X51Y126        FDCE                                         r  inst3/rd_ptr_gray_sync1_reg[2]/C
  -------------------------------------------------------------------    -------------------
    SLICE_X51Y126        FDCE (Prop_fdce_C_Q)         0.141     1.607 r  inst3/rd_ptr_gray_sync1_reg[2]/Q
                         net (fo=1, routed)           0.110     1.717    inst3/rd_ptr_gray_sync1[2]
    SLICE_X51Y126        FDCE                                         r  inst3/rd_ptr_gray_sync2_reg[2]/D
  -------------------------------------------------------------------    -------------------

                         (clock sys_clk_pin rise edge)
                                                      0.000     0.000 r  
    E3                                                0.000     0.000 r  clk (IN)
                         net (fo=0)                   0.000     0.000    clk
    E3                   IBUF (Prop_ibuf_I_O)         0.438     0.438 r  clk_IBUF_inst/O
                         net (fo=1, routed)           0.699     1.136    clk_IBUF
    BUFGCTRL_X0Y16       BUFG (Prop_bufg_I_O)         0.029     1.165 r  clk_IBUF_BUFG_inst/O
                         net (fo=1321, routed)        0.814     1.979    inst3/CLK
    SLICE_X51Y126        FDCE                                         r  inst3/rd_ptr_gray_sync2_reg[2]/C
                         clock pessimism             -0.512     1.466    
    SLICE_X51Y126        FDCE (Hold_fdce_C_D)         0.072     1.538    inst3/rd_ptr_gray_sync2_reg[2]
  -------------------------------------------------------------------
                         required time                         -1.538    
                         arrival time                           1.717    
  -------------------------------------------------------------------
                         slack                                  0.179    

Slack (MET) :             0.180ns  (arrival time - required time)
  Source:                 inst5/rx_data_reg[2]/C
                            (rising edge-triggered cell FDCE clocked by sys_clk_pin  {rise@0.000ns fall@5.000ns period=10.000ns})
  Destination:            inst5/po_data_reg[2]/D
                            (rising edge-triggered cell FDCE clocked by sys_clk_pin  {rise@0.000ns fall@5.000ns period=10.000ns})
  Path Group:             sys_clk_pin
  Path Type:              Hold (Min at Fast Process Corner)
  Requirement:            0.000ns  (sys_clk_pin rise@0.000ns - sys_clk_pin rise@0.000ns)
  Data Path Delay:        0.257ns  (logic 0.141ns (54.852%)  route 0.116ns (45.148%))
  Logic Levels:           0  
  Clock Path Skew:        0.014ns (DCD - SCD - CPR)
    Destination Clock Delay (DCD):    1.987ns
    Source Clock Delay      (SCD):    1.472ns
    Clock Pessimism Removal (CPR):    0.500ns

    Location             Delay type                Incr(ns)  Path(ns)    Netlist Resource(s)
  -------------------------------------------------------------------    -------------------
                         (clock sys_clk_pin rise edge)
                                                      0.000     0.000 r  
    E3                                                0.000     0.000 r  clk (IN)
                         net (fo=0)                   0.000     0.000    clk
    E3                   IBUF (Prop_ibuf_I_O)         0.250     0.250 r  clk_IBUF_inst/O
                         net (fo=1, routed)           0.644     0.894    clk_IBUF
    BUFGCTRL_X0Y16       BUFG (Prop_bufg_I_O)         0.026     0.920 r  clk_IBUF_BUFG_inst/O
                         net (fo=1321, routed)        0.553     1.472    inst5/CLK
    SLICE_X48Y118        FDCE                                         r  inst5/rx_data_reg[2]/C
  -------------------------------------------------------------------    -------------------
    SLICE_X48Y118        FDCE (Prop_fdce_C_Q)         0.141     1.613 r  inst5/rx_data_reg[2]/Q
                         net (fo=2, routed)           0.116     1.729    inst5/rx_data[2]
    SLICE_X46Y118        FDCE                                         r  inst5/po_data_reg[2]/D
  -------------------------------------------------------------------    -------------------

                         (clock sys_clk_pin rise edge)
                                                      0.000     0.000 r  
    E3                                                0.000     0.000 r  clk (IN)
                         net (fo=0)                   0.000     0.000    clk
    E3                   IBUF (Prop_ibuf_I_O)         0.438     0.438 r  clk_IBUF_inst/O
                         net (fo=1, routed)           0.699     1.136    clk_IBUF
    BUFGCTRL_X0Y16       BUFG (Prop_bufg_I_O)         0.029     1.165 r  clk_IBUF_BUFG_inst/O
                         net (fo=1321, routed)        0.822     1.987    inst5/CLK
    SLICE_X46Y118        FDCE                                         r  inst5/po_data_reg[2]/C
                         clock pessimism             -0.500     1.486    
    SLICE_X46Y118        FDCE (Hold_fdce_C_D)         0.063     1.549    inst5/po_data_reg[2]
  -------------------------------------------------------------------
                         required time                         -1.549    
                         arrival time                           1.729    
  -------------------------------------------------------------------
                         slack                                  0.180    

Slack (MET) :             0.185ns  (arrival time - required time)
  Source:                 inst3/rd_ptr_gray_sync1_reg[0]/C
                            (rising edge-triggered cell FDCE clocked by sys_clk_pin  {rise@0.000ns fall@5.000ns period=10.000ns})
  Destination:            inst3/rd_ptr_gray_sync2_reg[0]/D
                            (rising edge-triggered cell FDCE clocked by sys_clk_pin  {rise@0.000ns fall@5.000ns period=10.000ns})
  Path Group:             sys_clk_pin
  Path Type:              Hold (Min at Fast Process Corner)
  Requirement:            0.000ns  (sys_clk_pin rise@0.000ns - sys_clk_pin rise@0.000ns)
  Data Path Delay:        0.255ns  (logic 0.141ns (55.385%)  route 0.114ns (44.615%))
  Logic Levels:           0  
  Clock Path Skew:        0.000ns (DCD - SCD - CPR)
    Destination Clock Delay (DCD):    1.977ns
    Source Clock Delay      (SCD):    1.464ns
    Clock Pessimism Removal (CPR):    0.512ns

    Location             Delay type                Incr(ns)  Path(ns)    Netlist Resource(s)
  -------------------------------------------------------------------    -------------------
                         (clock sys_clk_pin rise edge)
                                                      0.000     0.000 r  
    E3                                                0.000     0.000 r  clk (IN)
                         net (fo=0)                   0.000     0.000    clk
    E3                   IBUF (Prop_ibuf_I_O)         0.250     0.250 r  clk_IBUF_inst/O
                         net (fo=1, routed)           0.644     0.894    clk_IBUF
    BUFGCTRL_X0Y16       BUFG (Prop_bufg_I_O)         0.026     0.920 r  clk_IBUF_BUFG_inst/O
                         net (fo=1321, routed)        0.545     1.464    inst3/CLK
    SLICE_X52Y125        FDCE                                         r  inst3/rd_ptr_gray_sync1_reg[0]/C
  -------------------------------------------------------------------    -------------------
    SLICE_X52Y125        FDCE (Prop_fdce_C_Q)         0.141     1.605 r  inst3/rd_ptr_gray_sync1_reg[0]/Q
                         net (fo=1, routed)           0.114     1.719    inst3/rd_ptr_gray_sync1[0]
    SLICE_X52Y125        FDCE                                         r  inst3/rd_ptr_gray_sync2_reg[0]/D
  -------------------------------------------------------------------    -------------------

                         (clock sys_clk_pin rise edge)
                                                      0.000     0.000 r  
    E3                                                0.000     0.000 r  clk (IN)
                         net (fo=0)                   0.000     0.000    clk
    E3                   IBUF (Prop_ibuf_I_O)         0.438     0.438 r  clk_IBUF_inst/O
                         net (fo=1, routed)           0.699     1.136    clk_IBUF
    BUFGCTRL_X0Y16       BUFG (Prop_bufg_I_O)         0.029     1.165 r  clk_IBUF_BUFG_inst/O
                         net (fo=1321, routed)        0.811     1.977    inst3/CLK
    SLICE_X52Y125        FDCE                                         r  inst3/rd_ptr_gray_sync2_reg[0]/C
                         clock pessimism             -0.512     1.464    
    SLICE_X52Y125        FDCE (Hold_fdce_C_D)         0.070     1.534    inst3/rd_ptr_gray_sync2_reg[0]
  -------------------------------------------------------------------
                         required time                         -1.534    
                         arrival time                           1.719    
  -------------------------------------------------------------------
                         slack                                  0.185    





Pulse Width Checks
--------------------------------------------------------------------------------------
Clock Name:         sys_clk_pin
Waveform(ns):       { 0.000 5.000 }
Period(ns):         10.000
Sources:            { clk }

Check Type        Corner  Lib Pin  Reference Pin  Required(ns)  Actual(ns)  Slack(ns)  Location        Pin
Min Period        n/a     BUFG/I   n/a            2.155         10.000      7.845      BUFGCTRL_X0Y16  clk_IBUF_BUFG_inst/I
Min Period        n/a     FDRE/C   n/a            1.000         10.000      9.000      SLICE_X50Y96    clk_10hz_reg/C
Min Period        n/a     FDRE/C   n/a            1.000         10.000      9.000      SLICE_X31Y97    inst2/clk_cnt_reg[6]/C
Min Period        n/a     FDRE/C   n/a            1.000         10.000      9.000      SLICE_X29Y99    inst2/clk_cnt_reg[7]/C
Min Period        n/a     FDRE/C   n/a            1.000         10.000      9.000      SLICE_X32Y97    inst2/clk_cnt_reg[8]/C
Min Period        n/a     FDRE/C   n/a            1.000         10.000      9.000      SLICE_X31Y98    inst2/clk_cnt_reg[9]/C
Min Period        n/a     FDRE/C   n/a            1.000         10.000      9.000      SLICE_X32Y98    inst2/en_reg/C
Min Period        n/a     FDRE/C   n/a            1.000         10.000      9.000      SLICE_X32Y126   inst3/mem_reg[106][5]/C
Min Period        n/a     FDRE/C   n/a            1.000         10.000      9.000      SLICE_X32Y126   inst3/mem_reg[106][6]/C
Min Period        n/a     FDRE/C   n/a            1.000         10.000      9.000      SLICE_X32Y126   inst3/mem_reg[106][7]/C
Low Pulse Width   Slow    FDRE/C   n/a            0.500         5.000       4.500      SLICE_X40Y124   inst3/mem_reg[124][2]/C
Low Pulse Width   Slow    FDRE/C   n/a            0.500         5.000       4.500      SLICE_X40Y124   inst3/mem_reg[124][3]/C
Low Pulse Width   Slow    FDRE/C   n/a            0.500         5.000       4.500      SLICE_X40Y124   inst3/mem_reg[124][5]/C
Low Pulse Width   Slow    FDRE/C   n/a            0.500         5.000       4.500      SLICE_X40Y124   inst3/mem_reg[124][7]/C
Low Pulse Width   Slow    FDRE/C   n/a            0.500         5.000       4.500      SLICE_X38Y124   inst3/mem_reg[125][2]/C
Low Pulse Width   Slow    FDRE/C   n/a            0.500         5.000       4.500      SLICE_X38Y124   inst3/mem_reg[125][3]/C
Low Pulse Width   Slow    FDRE/C   n/a            0.500         5.000       4.500      SLICE_X38Y124   inst3/mem_reg[125][7]/C
Low Pulse Width   Slow    FDRE/C   n/a            0.500         5.000       4.500      SLICE_X41Y124   inst3/mem_reg[126][2]/C
Low Pulse Width   Slow    FDCE/C   n/a            0.500         5.000       4.500      SLICE_X41Y104   inst4/inst/cnt_20ms_reg[17]/C
Low Pulse Width   Slow    FDCE/C   n/a            0.500         5.000       4.500      SLICE_X41Y104   inst4/inst/cnt_20ms_reg[18]/C
High Pulse Width  Slow    FDRE/C   n/a            0.500         5.000       4.500      SLICE_X45Y137   inst3/mem_reg[26][7]/C
High Pulse Width  Slow    FDRE/C   n/a            0.500         5.000       4.500      SLICE_X45Y136   inst3/mem_reg[27][1]/C
High Pulse Width  Slow    FDRE/C   n/a            0.500         5.000       4.500      SLICE_X45Y136   inst3/mem_reg[27][6]/C
High Pulse Width  Slow    FDRE/C   n/a            0.500         5.000       4.500      SLICE_X46Y137   inst3/mem_reg[28][0]/C
High Pulse Width  Slow    FDRE/C   n/a            0.500         5.000       4.500      SLICE_X43Y137   inst3/mem_reg[28][1]/C
High Pulse Width  Slow    FDRE/C   n/a            0.500         5.000       4.500      SLICE_X46Y137   inst3/mem_reg[28][2]/C
High Pulse Width  Slow    FDRE/C   n/a            0.500         5.000       4.500      SLICE_X46Y137   inst3/mem_reg[28][3]/C
High Pulse Width  Slow    FDRE/C   n/a            0.500         5.000       4.500      SLICE_X43Y137   inst3/mem_reg[28][4]/C
High Pulse Width  Slow    FDRE/C   n/a            0.500         5.000       4.500      SLICE_X43Y137   inst3/mem_reg[28][5]/C
High Pulse Width  Slow    FDRE/C   n/a            0.500         5.000       4.500      SLICE_X43Y137   inst3/mem_reg[28][6]/C



