Copyright 1986-2018 Xilinx, Inc. All Rights Reserved.
------------------------------------------------------------------------------------
| Tool Version : Vivado v.2018.3 (win64) Build 2405991 Thu Dec  6 23:38:27 MST 2018
| Date         : Mon Dec 15 10:26:47 2025
| Host         : DESKTOP-9COANIV running 64-bit major release  (build 9200)
| Command      : report_control_sets -verbose -file top_control_sets_placed.rpt
| Design       : top
| Device       : xc7a100t
------------------------------------------------------------------------------------

Control Set Information

Table of Contents
-----------------
1. Summary
2. Histogram
3. Flip-Flop Distribution
4. Detailed Control Set Information

1. Summary
----------

+----------------------------------------------------------+-------+
|                          Status                          | Count |
+----------------------------------------------------------+-------+
| Number of unique control sets                            |   146 |
| Unused register locations in slices containing registers |    30 |
+----------------------------------------------------------+-------+


2. Histogram
------------

+--------+--------------+
| Fanout | Control Sets |
+--------+--------------+
|      4 |            1 |
|      7 |            1 |
|      8 |          134 |
|      9 |            1 |
|     10 |            1 |
|     15 |            1 |
|    16+ |            7 |
+--------+--------------+


3. Flip-Flop Distribution
-------------------------

+--------------+-----------------------+------------------------+-----------------+--------------+
| Clock Enable | Synchronous Set/Reset | Asynchronous Set/Reset | Total Registers | Total Slices |
+--------------+-----------------------+------------------------+-----------------+--------------+
| No           | No                    | No                     |               7 |            6 |
| No           | No                    | Yes                    |              76 |           17 |
| No           | Yes                   | No                     |              87 |           26 |
| Yes          | No                    | No                     |            1024 |          364 |
| Yes          | No                    | Yes                    |              63 |           21 |
| Yes          | Yes                   | No                     |             137 |           56 |
+--------------+-----------------------+------------------------+-----------------+--------------+


4. Detailed Control Set Information
-----------------------------------

+------------------------+------------------------------+-------------------+------------------+----------------+
|      Clock Signal      |         Enable Signal        |  Set/Reset Signal | Slice Load Count | Bel Load Count |
+------------------------+------------------------------+-------------------+------------------+----------------+
|  clk_IBUF_BUFG         | inst5/bit_flag_reg_n_0       | inst4/inst1/SR[0] |                1 |              4 |
|  clk_IBUF_BUFG         |                              |                   |                6 |              7 |
|  clk_IBUF_BUFG         | inst3/mem[101][7]_i_1_n_0    |                   |                2 |              8 |
|  clk_IBUF_BUFG         | inst5/rx_data0               | inst4/inst1/SR[0] |                1 |              8 |
|  clk_10hz_reg_n_0_BUFG | inst1/data_r[13]             | inst4/inst1/SR[0] |                2 |              8 |
|  clk_10hz_reg_n_0_BUFG | inst1/data_r[21]             | inst4/inst1/SR[0] |                2 |              8 |
|  clk_10hz_reg_n_0_BUFG | inst1/data_r[5]              | inst4/inst1/SR[0] |                3 |              8 |
|  clk_IBUF_BUFG         | inst5/rx_flag                | inst4/inst1/SR[0] |                2 |              8 |
|  clk_IBUF_BUFG         | inst3/mem[0][7]_i_1_n_0      |                   |                4 |              8 |
|  clk_IBUF_BUFG         | inst3/mem[102][7]_i_1_n_0    |                   |                4 |              8 |
|  clk_IBUF_BUFG         | inst3/mem[105][7]_i_1_n_0    |                   |                3 |              8 |
|  clk_IBUF_BUFG         | inst3/mem[109][7]_i_1_n_0    |                   |                2 |              8 |
|  clk_IBUF_BUFG         | inst3/mem[110][7]_i_1_n_0    |                   |                3 |              8 |
|  clk_IBUF_BUFG         | inst3/mem[113][7]_i_1_n_0    |                   |                2 |              8 |
|  clk_IBUF_BUFG         | inst3/mem[107][7]_i_1_n_0    |                   |                1 |              8 |
|  clk_IBUF_BUFG         | inst3/mem[114][7]_i_1_n_0    |                   |                6 |              8 |
|  clk_IBUF_BUFG         | inst3/mem[103][7]_i_1_n_0    |                   |                4 |              8 |
|  clk_IBUF_BUFG         | inst3/mem[104][7]_i_1_n_0    |                   |                5 |              8 |
|  clk_IBUF_BUFG         | inst3/mem[111][7]_i_1_n_0    |                   |                7 |              8 |
|  clk_IBUF_BUFG         | inst3/mem[18][7]_i_1_n_0     |                   |                2 |              8 |
|  clk_IBUF_BUFG         | inst3/mem[112][7]_i_1_n_0    |                   |                3 |              8 |
|  clk_IBUF_BUFG         | inst3/mem[115][7]_i_1_n_0    |                   |                1 |              8 |
|  clk_IBUF_BUFG         | inst3/mem[100][7]_i_1_n_0    |                   |                1 |              8 |
|  clk_IBUF_BUFG         | inst3/mem[106][7]_i_1_n_0    |                   |                1 |              8 |
|  clk_IBUF_BUFG         | inst3/mem[10][7]_i_1_n_0     |                   |                2 |              8 |
|  clk_IBUF_BUFG         | inst3/mem[116][7]_i_1_n_0    |                   |                2 |              8 |
|  clk_IBUF_BUFG         | inst3/mem[108][7]_i_1_n_0    |                   |                2 |              8 |
|  clk_IBUF_BUFG         | inst3/mem[11][7]_i_1_n_0     |                   |                1 |              8 |
|  clk_IBUF_BUFG         | inst3/mem[118][7]_i_1_n_0    |                   |                4 |              8 |
|  clk_IBUF_BUFG         | inst3/mem[121][7]_i_1_n_0    |                   |                1 |              8 |
|  clk_IBUF_BUFG         | inst3/mem[124][7]_i_1_n_0    |                   |                2 |              8 |
|  clk_IBUF_BUFG         | inst3/mem[13][7]_i_1_n_0     |                   |                1 |              8 |
|  clk_IBUF_BUFG         | inst3/mem[17][7]_i_1_n_0     |                   |                1 |              8 |
|  clk_IBUF_BUFG         | inst3/mem[27][7]_i_1_n_0     |                   |                5 |              8 |
|  clk_IBUF_BUFG         | inst3/mem[29][7]_i_1_n_0     |                   |                1 |              8 |
|  clk_IBUF_BUFG         | inst3/mem[120][7]_i_1_n_0    |                   |                2 |              8 |
|  clk_IBUF_BUFG         | inst3/mem[122][7]_i_1_n_0    |                   |                5 |              8 |
|  clk_IBUF_BUFG         | inst3/mem[31][7]_i_1_n_0     |                   |                4 |              8 |
|  clk_IBUF_BUFG         | inst3/mem[35][7]_i_1_n_0     |                   |                2 |              8 |
|  clk_IBUF_BUFG         | inst3/mem[126][7]_i_1_n_0    |                   |                6 |              8 |
|  clk_IBUF_BUFG         | inst3/mem[12][7]_i_1_n_0     |                   |                2 |              8 |
|  clk_IBUF_BUFG         | inst3/mem[28][7]_i_1_n_0     |                   |                3 |              8 |
|  clk_IBUF_BUFG         | inst3/mem[1][7]_i_1_n_0      |                   |                1 |              8 |
|  clk_IBUF_BUFG         | inst3/mem[16][7]_i_1_n_0     |                   |                2 |              8 |
|  clk_IBUF_BUFG         | inst3/mem[20][7]_i_1_n_0     |                   |                5 |              8 |
|  clk_IBUF_BUFG         | inst3/mem[30][7]_i_1_n_0     |                   |                4 |              8 |
|  clk_IBUF_BUFG         | inst3/mem[23][7]_i_1_n_0     |                   |                2 |              8 |
|  clk_IBUF_BUFG         | inst3/mem[125][7]_i_1_n_0    |                   |                4 |              8 |
|  clk_IBUF_BUFG         | inst3/mem[127][7]_i_1_n_0    |                   |                4 |              8 |
|  clk_IBUF_BUFG         | inst3/mem[22][7]_i_1_n_0     |                   |                1 |              8 |
|  clk_IBUF_BUFG         | inst3/mem[21][7]_i_1_n_0     |                   |                2 |              8 |
|  clk_IBUF_BUFG         | inst3/mem[24][7]_i_1_n_0     |                   |                2 |              8 |
|  clk_IBUF_BUFG         | inst3/mem[14][7]_i_1_n_0     |                   |                1 |              8 |
|  clk_IBUF_BUFG         | inst3/mem[25][7]_i_1_n_0     |                   |                2 |              8 |
|  clk_IBUF_BUFG         | inst3/mem[2][7]_i_1_n_0      |                   |                6 |              8 |
|  clk_IBUF_BUFG         | inst3/mem[117][7]_i_1_n_0    |                   |                1 |              8 |
|  clk_IBUF_BUFG         | inst3/mem[32][7]_i_1_n_0     |                   |                2 |              8 |
|  clk_IBUF_BUFG         | inst3/mem[33][7]_i_1_n_0     |                   |                1 |              8 |
|  clk_IBUF_BUFG         | inst3/mem[34][7]_i_1_n_0     |                   |                1 |              8 |
|  clk_IBUF_BUFG         | inst3/mem[36][7]_i_1_n_0     |                   |                3 |              8 |
|  clk_IBUF_BUFG         | inst3/mem[37][7]_i_1_n_0     |                   |                1 |              8 |
|  clk_IBUF_BUFG         | inst3/mem[15][7]_i_1_n_0     |                   |                4 |              8 |
|  clk_IBUF_BUFG         | inst3/mem[38][7]_i_1_n_0     |                   |                1 |              8 |
|  clk_IBUF_BUFG         | inst3/mem[123][7]_i_1_n_0    |                   |                4 |              8 |
|  clk_IBUF_BUFG         | inst3/mem[19][7]_i_1_n_0     |                   |                3 |              8 |
|  clk_IBUF_BUFG         | inst3/mem[26][7]_i_1_n_0     |                   |                5 |              8 |
|  clk_IBUF_BUFG         | inst3/mem[119][7]_i_1_n_0    |                   |                1 |              8 |
|  clk_IBUF_BUFG         | inst3/mem[77][7]_i_1_n_0     |                   |                3 |              8 |
|  clk_IBUF_BUFG         | inst3/mem[82][7]_i_1_n_0     |                   |                1 |              8 |
|  clk_IBUF_BUFG         | inst3/mem[75][7]_i_1_n_0     |                   |                2 |              8 |
|  clk_IBUF_BUFG         | inst3/mem[66][7]_i_1_n_0     |                   |                2 |              8 |
|  clk_IBUF_BUFG         | inst3/mem[65][7]_i_1_n_0     |                   |                2 |              8 |
|  clk_IBUF_BUFG         | inst3/mem[53][7]_i_1_n_0     |                   |                4 |              8 |
|  clk_IBUF_BUFG         | inst3/mem[84][7]_i_1_n_0     |                   |                1 |              8 |
|  clk_IBUF_BUFG         | inst3/mem[56][7]_i_1_n_0     |                   |                1 |              8 |
|  clk_IBUF_BUFG         | inst3/mem[60][7]_i_1_n_0     |                   |                3 |              8 |
|  clk_IBUF_BUFG         | inst3/mem[62][7]_i_1_n_0     |                   |                5 |              8 |
|  clk_IBUF_BUFG         | inst3/mem[41][7]_i_1_n_0     |                   |                2 |              8 |
|  clk_IBUF_BUFG         | inst3/mem[39][7]_i_1_n_0     |                   |                1 |              8 |
|  clk_IBUF_BUFG         | inst3/mem[59][7]_i_1_n_0     |                   |                6 |              8 |
|  clk_IBUF_BUFG         | inst3/mem[55][7]_i_1_n_0     |                   |                3 |              8 |
|  clk_IBUF_BUFG         | inst3/mem[68][7]_i_1_n_0     |                   |                1 |              8 |
|  clk_IBUF_BUFG         | inst3/mem[7][7]_i_1_n_0      |                   |                6 |              8 |
|  clk_IBUF_BUFG         | inst3/mem[51][7]_i_1_n_0     |                   |                3 |              8 |
|  clk_IBUF_BUFG         | inst3/mem[40][7]_i_1_n_0     |                   |                3 |              8 |
|  clk_IBUF_BUFG         | inst3/mem[79][7]_i_1_n_0     |                   |                3 |              8 |
|  clk_IBUF_BUFG         | inst3/mem[83][7]_i_1_n_0     |                   |                3 |              8 |
|  clk_IBUF_BUFG         | inst3/mem[49][7]_i_1_n_0     |                   |                1 |              8 |
|  clk_IBUF_BUFG         | inst3/mem[3][7]_i_1_n_0      |                   |                3 |              8 |
|  clk_IBUF_BUFG         | inst3/mem[74][7]_i_1_n_0     |                   |                2 |              8 |
|  clk_IBUF_BUFG         | inst3/mem[71][7]_i_1_n_0     |                   |                3 |              8 |
|  clk_IBUF_BUFG         | inst3/mem[72][7]_i_1_n_0     |                   |                1 |              8 |
|  clk_IBUF_BUFG         | inst3/mem[61][7]_i_1_n_0     |                   |                3 |              8 |
|  clk_IBUF_BUFG         | inst3/mem[70][7]_i_1_n_0     |                   |                4 |              8 |
|  clk_IBUF_BUFG         | inst3/mem[63][7]_i_1_n_0     |                   |                8 |              8 |
|  clk_IBUF_BUFG         | inst3/mem[69][7]_i_1_n_0     |                   |                2 |              8 |
|  clk_IBUF_BUFG         | inst3/mem[44][7]_i_1_n_0     |                   |                4 |              8 |
|  clk_IBUF_BUFG         | inst3/mem[76][7]_i_1_n_0     |                   |                6 |              8 |
|  clk_IBUF_BUFG         | inst3/mem[46][7]_i_1_n_0     |                   |                5 |              8 |
|  clk_IBUF_BUFG         | inst3/mem[4][7]_i_1_n_0      |                   |                1 |              8 |
|  clk_IBUF_BUFG         | inst3/mem[43][7]_i_1_n_0     |                   |                2 |              8 |
|  clk_IBUF_BUFG         | inst3/mem[45][7]_i_1_n_0     |                   |                6 |              8 |
|  clk_IBUF_BUFG         | inst3/mem[78][7]_i_1_n_0     |                   |                3 |              8 |
|  clk_IBUF_BUFG         | inst3/mem[57][7]_i_1_n_0     |                   |                1 |              8 |
|  clk_IBUF_BUFG         | inst3/mem[85][7]_i_1_n_0     |                   |                3 |              8 |
|  clk_IBUF_BUFG         | inst3/mem[86][7]_i_1_n_0     |                   |                1 |              8 |
|  clk_IBUF_BUFG         | inst3/mem[50][7]_i_1_n_0     |                   |                2 |              8 |
|  clk_IBUF_BUFG         | inst3/mem[58][7]_i_1_n_0     |                   |                1 |              8 |
|  clk_IBUF_BUFG         | inst3/mem[5][7]_i_1_n_0      |                   |                3 |              8 |
|  clk_IBUF_BUFG         | inst3/mem[42][7]_i_1_n_0     |                   |                5 |              8 |
|  clk_IBUF_BUFG         | inst3/mem[52][7]_i_1_n_0     |                   |                1 |              8 |
|  clk_IBUF_BUFG         | inst3/mem[67][7]_i_1_n_0     |                   |                3 |              8 |
|  clk_IBUF_BUFG         | inst3/mem[73][7]_i_1_n_0     |                   |                4 |              8 |
|  clk_IBUF_BUFG         | inst3/mem[80][7]_i_1_n_0     |                   |                2 |              8 |
|  clk_IBUF_BUFG         | inst3/mem[6][7]_i_1_n_0      |                   |                6 |              8 |
|  clk_IBUF_BUFG         | inst3/mem[81][7]_i_1_n_0     |                   |                2 |              8 |
|  clk_IBUF_BUFG         | inst3/mem[47][7]_i_1_n_0     |                   |                6 |              8 |
|  clk_IBUF_BUFG         | inst3/mem[48][7]_i_1_n_0     |                   |                1 |              8 |
|  clk_IBUF_BUFG         | inst3/mem[54][7]_i_1_n_0     |                   |                2 |              8 |
|  clk_IBUF_BUFG         | inst3/mem[64][7]_i_1_n_0     |                   |                2 |              8 |
|  clk_IBUF_BUFG         | inst3/mem[89][7]_i_1_n_0     |                   |                2 |              8 |
|  clk_IBUF_BUFG         | inst3/mem[8][7]_i_1_n_0      |                   |                4 |              8 |
|  clk_IBUF_BUFG         | inst3/mem[95][7]_i_1_n_0     |                   |                7 |              8 |
|  clk_IBUF_BUFG         | inst3/mem[88][7]_i_1_n_0     |                   |                1 |              8 |
|  clk_IBUF_BUFG         | inst3/mem[97][7]_i_1_n_0     |                   |                1 |              8 |
|  clk_IBUF_BUFG         | inst3/mem[96][7]_i_1_n_0     |                   |                5 |              8 |
|  clk_IBUF_BUFG         | inst3/mem[92][7]_i_1_n_0     |                   |                6 |              8 |
|  clk_IBUF_BUFG         | inst3/mem[91][7]_i_1_n_0     |                   |                3 |              8 |
|  clk_IBUF_BUFG         | inst3/mem[93][7]_i_1_n_0     |                   |                1 |              8 |
|  clk_IBUF_BUFG         | inst3/mem[98][7]_i_1_n_0     |                   |                2 |              8 |
|  clk_IBUF_BUFG         | inst3/mem[9][7]_i_1_n_0      |                   |                3 |              8 |
|  clk_IBUF_BUFG         | inst3/mem[99][7]_i_1_n_0     |                   |                6 |              8 |
|  clk_IBUF_BUFG         | inst3/mem[94][7]_i_1_n_0     |                   |                7 |              8 |
|  clk_IBUF_BUFG         | inst3/mem[90][7]_i_1_n_0     |                   |                1 |              8 |
|  clk_IBUF_BUFG         | inst3/mem[87][7]_i_1_n_0     |                   |                1 |              8 |
|  clk_IBUF_BUFG         | inst4/inst1/cnt_r[7]_i_1_n_0 | inst4/inst1/SR[0] |                5 |              8 |
|  clk_IBUF_BUFG         | inst2/inst/duty[8]_i_1_n_0   | inst4/inst1/SR[0] |                2 |              9 |
|  clk_IBUF_BUFG         | inst2/en                     | inst4/inst1/SR[0] |                5 |             10 |
|  clk_IBUF_BUFG         | inst3/wr_ptr_bin0            | inst4/inst1/SR[0] |                7 |             15 |
|  clk_IBUF_BUFG         | inst6/an[7]_i_1_n_0          | inst4/inst1/SR[0] |                8 |             16 |
|  clk_IBUF_BUFG         | inst4/inst3/E[0]             | inst4/inst1/SR[0] |               11 |             16 |
|  clk_10hz_reg_n_0_BUFG |                              | inst4/inst1/SR[0] |               10 |             21 |
|  clk_IBUF_BUFG         | inst1/E[0]                   | inst4/inst1/SR[0] |               10 |             24 |
|  clk_10hz_reg_n_0_BUFG | inst3/rd_ptr_bin0            | inst4/inst1/SR[0] |               10 |             28 |
|  clk_IBUF_BUFG         | inst2/en                     | inst2/led_cnt     |                8 |             30 |
|  clk_IBUF_BUFG         |                              | inst4/inst1/SR[0] |               33 |            142 |
+------------------------+------------------------------+-------------------+------------------+----------------+


